Component: ARM Compiler 5.06 update 7 (build 960) Tool: armlink [4d3601]

==============================================================================

Section Cross References

    startup_stm32l432xx.o(RESET) refers to startup_stm32l432xx.o(STACK) for __initial_sp
    startup_stm32l432xx.o(RESET) refers to startup_stm32l432xx.o(.text) for Reset_Handler
    startup_stm32l432xx.o(RESET) refers to stm32l4xx_it.o(i.NMI_Handler) for NMI_Handler
    startup_stm32l432xx.o(RESET) refers to stm32l4xx_it.o(i.HardFault_Handler) for HardFault_Handler
    startup_stm32l432xx.o(RESET) refers to stm32l4xx_it.o(i.MemManage_Handler) for MemManage_Handler
    startup_stm32l432xx.o(RESET) refers to stm32l4xx_it.o(i.BusFault_Handler) for BusFault_Handler
    startup_stm32l432xx.o(RESET) refers to stm32l4xx_it.o(i.UsageFault_Handler) for UsageFault_Handler
    startup_stm32l432xx.o(RESET) refers to stm32l4xx_it.o(i.SVC_Handler) for SVC_Handler
    startup_stm32l432xx.o(RESET) refers to stm32l4xx_it.o(i.DebugMon_Handler) for DebugMon_Handler
    startup_stm32l432xx.o(RESET) refers to stm32l4xx_it.o(i.PendSV_Handler) for PendSV_Handler
    startup_stm32l432xx.o(RESET) refers to stm32l4xx_it.o(i.SysTick_Handler) for SysTick_Handler
    startup_stm32l432xx.o(RESET) refers to stm32l4xx_it.o(i.TIM2_IRQHandler) for TIM2_IRQHandler
    startup_stm32l432xx.o(.text) refers to system_stm32l4xx.o(i.SystemInit) for SystemInit
    startup_stm32l432xx.o(.text) refers to entry.o(.ARM.Collect$$$$00000000) for __main
    network.o(i.ai_network_create) refers to ai_platform_interface.o(i.ai_platform_network_create) for ai_platform_network_create
    network.o(i.ai_network_create) refers to network.o(.data) for .data
    network.o(i.ai_network_create_and_init) refers to network.o(i.ai_network_create) for ai_network_create
    network.o(i.ai_network_create_and_init) refers to network_data.o(i.ai_network_data_params_get) for ai_network_data_params_get
    network.o(i.ai_network_create_and_init) refers to network.o(i.ai_network_get_error) for ai_network_get_error
    network.o(i.ai_network_create_and_init) refers to ai_platform.o(i.ai_buffer_array_item_set_address) for ai_buffer_array_item_set_address
    network.o(i.ai_network_create_and_init) refers to network.o(i.ai_network_init) for ai_network_init
    network.o(i.ai_network_destroy) refers to ai_platform_interface.o(i.ai_platform_network_destroy) for ai_platform_network_destroy
    network.o(i.ai_network_forward) refers to ai_platform_interface.o(i.ai_platform_network_process) for ai_platform_network_process
    network.o(i.ai_network_get_error) refers to ai_platform_interface.o(i.ai_platform_network_get_error) for ai_platform_network_get_error
    network.o(i.ai_network_get_info) refers to ai_platform_interface.o(i.ai_platform_context_acquire) for ai_platform_context_acquire
    network.o(i.ai_network_get_info) refers to memcpya.o(.text) for __aeabi_memcpy4
    network.o(i.ai_network_get_info) refers to ai_platform_interface.o(i.ai_platform_runtime_get_revision) for ai_platform_runtime_get_revision
    network.o(i.ai_network_get_info) refers to ai_platform_interface.o(i.ai_platform_runtime_get_version) for ai_platform_runtime_get_version
    network.o(i.ai_network_get_info) refers to ai_platform_interface.o(i.ai_platform_api_get_version) for ai_platform_api_get_version
    network.o(i.ai_network_get_info) refers to ai_platform_interface.o(i.ai_platform_interface_api_get_version) for ai_platform_interface_api_get_version
    network.o(i.ai_network_get_info) refers to ai_platform_interface.o(i.ai_platform_api_get_network_report) for ai_platform_api_get_network_report
    network.o(i.ai_network_get_info) refers to network.o(.constdata) for .constdata
    network.o(i.ai_network_get_report) refers to ai_platform_interface.o(i.ai_platform_context_acquire) for ai_platform_context_acquire
    network.o(i.ai_network_get_report) refers to memcpya.o(.text) for __aeabi_memcpy4
    network.o(i.ai_network_get_report) refers to ai_platform_interface.o(i.ai_platform_runtime_get_revision) for ai_platform_runtime_get_revision
    network.o(i.ai_network_get_report) refers to ai_platform_interface.o(i.ai_platform_runtime_get_version) for ai_platform_runtime_get_version
    network.o(i.ai_network_get_report) refers to ai_platform_interface.o(i.ai_platform_api_get_version) for ai_platform_api_get_version
    network.o(i.ai_network_get_report) refers to ai_platform_interface.o(i.ai_platform_interface_api_get_version) for ai_platform_interface_api_get_version
    network.o(i.ai_network_get_report) refers to ai_platform_interface.o(i.ai_platform_api_get_network_report) for ai_platform_api_get_network_report
    network.o(i.ai_network_get_report) refers to network.o(.constdata) for .constdata
    network.o(i.ai_network_init) refers to ai_platform_interface.o(i.ai_platform_network_init) for ai_platform_network_init
[...]
    <Data89>                                 0x200004e4   Data           8  network.o(.data)
    .data                                    0x200004ec   Section       12  network.o(.data)
    <Data90>                                 0x200004ec   Data          12  network.o(.data)
    .data                                    0x200004f8   Section        4  network.o(.data)
    <Data91>                                 0x200004f8   Data           4  network.o(.data)
    .data                                    0x200004fc   Section        8  network.o(.data)
    <Data94>                                 0x200004fc   Data           8  network.o(.data)
    .data                                    0x20000504   Section       12  network.o(.data)
    <Data95>                                 0x20000504   Data          12  network.o(.data)
    .data                                    0x20000510   Section       24  network.o(.data)
    <Data96>                                 0x20000510   Data          24  network.o(.data)
    .data                                    0x20000528   Section       16  network.o(.data)
    onnxMaxPool_0_output_array               0x20000528   Data          16  network.o(.data)
    .data                                    0x20000538   Section      360  network.o(.data)
    input_output_array                       0x20000538   Data          16  network.o(.data)
    input_3_output_array                     0x20000548   Data          16  network.o(.data)
    input_7_output_array                     0x20000558   Data          16  network.o(.data)
    input_15_output_array                    0x20000568   Data          16  network.o(.data)
    input_23_output_array                    0x20000578   Data          16  network.o(.data)
    onnxReshape_39_output_array              0x20000588   Data          16  network.o(.data)
    input_3_scale_array                      0x20000598   Data          16  network.o(.data)
    input_3_bias_array                       0x200005a8   Data          16  network.o(.data)
    input_7_weights_array                    0x200005b8   Data          16  network.o(.data)
    input_7_bias_array                       0x200005c8   Data          16  network.o(.data)
    input_15_weights_array                   0x200005d8   Data          16  network.o(.data)
    input_15_bias_array                      0x200005e8   Data          16  network.o(.data)
    input_23_weights_array                   0x200005f8   Data          16  network.o(.data)
    input_23_bias_array                      0x20000608   Data          16  network.o(.data)
    onnxReshape_39_scale_array               0x20000618   Data          16  network.o(.data)
    onnxReshape_39_bias_array                0x20000628   Data          16  network.o(.data)
    fc1_1_bias_array                         0x20000638   Data          16  network.o(.data)
    fc1_1_weight_array                       0x20000648   Data          16  network.o(.data)
    g_network                                0x20000658   Data          72  network.o(.data)
    .data                                    0x200006a0   Section       16  network.o(.data)
    node_42_output_array                     0x200006a0   Data          16  network.o(.data)
    .data                                    0x200006b0   Section       28  network.o(.data)
    onnxMaxPool_0_output                     0x200006b0   Data          28  network.o(.data)
    .data                                    0x200006cc   Section       28  network.o(.data)
    input_output                             0x200006cc   Data          28  network.o(.data)
    .data                                    0x200006e8   Section       28  network.o(.data)
    input_3_output                           0x200006e8   Data          28  network.o(.data)
    .data                                    0x20000704   Section       28  network.o(.data)
    input_7_output                           0x20000704   Data          28  network.o(.data)
    .data                                    0x20000720   Section       28  network.o(.data)
    input_15_output                          0x20000720   Data          28  network.o(.data)
    .data                                    0x2000073c   Section       28  network.o(.data)
    input_23_output                          0x2000073c   Data          28  network.o(.data)
    .data                                    0x20000758   Section       28  network.o(.data)
    onnxReshape_39_output                    0x20000758   Data          28  network.o(.data)
    .data                                    0x20000774   Section       28  network.o(.data)
    onnxReshape_39_output0                   0x20000774   Data          28  network.o(.data)
    .data                                    0x20000790   Section       28  network.o(.data)
    node_42_output                           0x20000790   Data          28  network.o(.data)
    .data                                    0x200007ac   Section       28  network.o(.data)
    input_3_scale                            0x200007ac   Data          28  network.o(.data)
    .data                                    0x200007c8   Section       28  network.o(.data)
    input_3_bias                             0x200007c8   Data          28  network.o(.data)
    .data                                    0x200007e4   Section       28  network.o(.data)
    input_7_weights                          0x200007e4   Data          28  network.o(.data)
    .data                                    0x20000800   Section       28  network.o(.data)
    input_7_bias                             0x20000800   Data          28  network.o(.data)
    .data                                    0x2000081c   Section       28  network.o(.data)
    input_15_weights                         0x2000081c   Data          28  network.o(.data)
    .data                                    0x20000838   Section       28  network.o(.data)
    input_15_bias                            0x20000838   Data          28  network.o(.data)
    .data                                    0x20000854   Section       28  network.o(.data)
    input_23_weights                         0x20000854   Data          28  network.o(.data)
    .data                                    0x20000870   Section       28  network.o(.data)
    input_23_bias                            0x20000870   Data          28  network.o(.data)
    .data                                    0x2000088c   Section       28  network.o(.data)
    onnxReshape_39_scale                     0x2000088c   Data          28  network.o(.data)
    .data                                    0x200008a8   Section       28  network.o(.data)
    onnxReshape_39_bias                      0x200008a8   Data          28  network.o(.data)
    .data                                    0x200008c4   Section       28  network.o(.data)
    fc1_1_bias                               0x200008c4   Data          28  network.o(.data)
    .data                                    0x200008e0   Section       28  network.o(.data)
    fc1_1_weight                             0x200008e0   Data          28  network.o(.data)
    .data                                    0x200008fc   Section       40  network.o(.data)
    node_42_layer                            0x200008fc   Data          40  network.o(.data)
    .data                                    0x20000924   Section       28  network.o(.data)
    onnxReshape_39_layer                     0x20000924   Data          28  network.o(.data)
    .data                                    0x20000940   Section       64  network.o(.data)
    input_23_layer                           0x20000940   Data          64  network.o(.data)
    .data                                    0x20000980   Section       64  network.o(.data)
    input_15_layer                           0x20000980   Data          64  network.o(.data)
    .data                                    0x200009c0   Section       64  network.o(.data)
    input_7_layer                            0x200009c0   Data          64  network.o(.data)
    .data                                    0x20000a00   Section       28  network.o(.data)
    input_3_layer                            0x20000a00   Data          28  network.o(.data)
    .data                                    0x20000a1c   Section       56  network.o(.data)
    input_layer                              0x20000a1c   Data          56  network.o(.data)
    .data                                    0x20000a54   Section       16  network_data.o(.data)
    <Data1>                                  0x20000a54   Data          16  network_data.o(.data)
    .data                                    0x20000a64   Section       16  network_data.o(.data)
    <Data2>                                  0x20000a64   Data          16  network_data.o(.data)
    .data                                    0x20000a74   Section       28  network_data.o(.data)
    .data                                    0x20000a90   Section       28  network_data.o(.data)
    .data                                    0x20000aac   Section        8  main.o(.data)
    .data                                    0x20000ab4   Section       20  app_x-cube-ai.o(.data)
    network                                  0x20000ab4   Data           4  app_x-cube-ai.o(.data)
    ai_input                                 0x20000ab8   Data           4  app_x-cube-ai.o(.data)
    ai_output                                0x20000abc   Data           4  app_x-cube-ai.o(.data)
    out_data                                 0x20000ac0   Data           8  app_x-cube-ai.o(.data)
    .data                                    0x20000ac8   Section       12  stm32l4xx_hal.o(.data)
    .data                                    0x20000ad4   Section        4  system_stm32l4xx.o(.data)
    .data                                    0x20000ad8   Section        4  stdin.o(.data)
    .data                                    0x20000adc   Section        4  stdout.o(.data)
    .data                                    0x20000ae0   Section        4  mvars.o(.data)
    .data                                    0x20000ae4   Section        4  mvars.o(.data)
    .data                                    0x20000ae8   Section        3  fgetc_b.o(.data)
    ungetc_sp                                0x20000ae8   Data           1  fgetc_b.o(.data)
    ungetc_stack                             0x20000ae9   Data           2  fgetc_b.o(.data)
    .bss                                     0x20000aec   Section       16  network.o(.bss)
    <Data58>                                 0x20000aec   Data          16  network.o(.bss)
    .bss                                     0x20000afc   Section       16  network.o(.bss)
    <Data64>                                 0x20000afc   Data          16  network.o(.bss)
    .bss                                     0x20000b0c   Section       16  network.o(.bss)
    <Data70>                                 0x20000b0c   Data          16  network.o(.bss)
    .bss                                     0x20000b1c   Section       16  network.o(.bss)
    <Data81>                                 0x20000b1c   Data          16  network.o(.bss)
    .bss                                     0x20000b2c   Section       28  network.o(.bss)
    <Data87>                                 0x20000b2c   Data          28  network.o(.bss)
    .bss                                     0x20000b48   Section       16  network.o(.bss)
    <Data88>                                 0x20000b48   Data          16  network.o(.bss)
    .bss                                     0x20000b58   Section       28  network.o(.bss)
    <Data92>                                 0x20000b58   Data          28  network.o(.bss)
    .bss                                     0x20000b74   Section       16  network.o(.bss)
    <Data93>                                 0x20000b74   Data          16  network.o(.bss)
    .bss                                     0x20000b84   Section     5000  main.o(.bss)
    .bss                                     0x20001f0c   Section       36  crc.o(.bss)
    .bss                                     0x20001f40   Section     2156  app_x-cube-ai.o(.bss)
    activations                              0x20001f40   Data        2156  app_x-cube-ai.o(.bss)
    .bss                                     0x200027ac   Section      132  usart.o(.bss)
    HEAP                                     0x20002830   Section     2048  startup_stm32l432xx.o(HEAP)
    STACK                                    0x20003030   Section     2048  startup_stm32l432xx.o(STACK)

    Global Symbols

    Symbol Name                              Value     Ov Type        Size  Object(Section)

    BuildAttributes$$THM_ISAv4$E$P$D$K$B$S$7EM$VFPi3$EXTD16$VFPS$VFMA$PE$A:L22UL41UL21$X:L11$S22US41US21$IEEE1$IW$USESV6$~STKCKD$USESV7$~SHL$OTIME$ROPI$IEEEX$EBA8$MICROLIB$REQ8$PRES8$EABIv2 0x00000000   Number         0  anon$$obj.o ABSOLUTE
    __ARM_use_no_argv                        0x00000000   Number         0  main.o ABSOLUTE
    _printf_a                                0x00000000   Number         0  stubs.o ABSOLUTE
    _printf_c                                0x00000000   Number         0  stubs.o ABSOLUTE
    _printf_charcount                        0x00000000   Number         0  stubs.o ABSOLUTE
    _printf_d                                0x00000000   Number         0  stubs.o ABSOLUTE
    _printf_e                                0x00000000   Number         0  stubs.o ABSOLUTE
    _printf_f                                0x00000000   Number         0  stubs.o ABSOLUTE
    _printf_flags                            0x00000000   Number         0  stubs.o ABSOLUTE
    _printf_fp_dec                           0x00000000   Number         0  stubs.o ABSOLUTE
    _printf_fp_hex                           0x00000000   Number         0  stubs.o ABSOLUTE
    _printf_g                                0x00000000   Number         0  stubs.o ABSOLUTE
    _printf_i                                0x00000000   Number         0  stubs.o ABSOLUTE
    _printf_int_dec                          0x00000000   Number         0  stubs.o ABSOLUTE
    _printf_l                                0x00000000   Number         0  stubs.o ABSOLUTE
    _printf_lc                               0x00000000   Number         0  stubs.o ABSOLUTE
    _printf_ll                               0x00000000   Number         0  stubs.o ABSOLUTE
    _printf_lld                              0x00000000   Number         0  stubs.o ABSOLUTE
    _printf_lli                              0x00000000   Number         0  stubs.o ABSOLUTE
    _printf_llo                              0x00000000   Number         0  stubs.o ABSOLUTE
    _printf_llu                              0x00000000   Number         0  stubs.o ABSOLUTE
    _printf_llx                              0x00000000   Number         0  stubs.o ABSOLUTE
    _printf_longlong_dec                     0x00000000   Number         0  stubs.o ABSOLUTE
    _printf_longlong_hex                     0x00000000   Number         0  stubs.o ABSOLUTE
    _printf_longlong_oct                     0x00000000   Number         0  stubs.o ABSOLUTE
    _printf_ls                               0x00000000   Number         0  stubs.o ABSOLUTE
    _printf_mbtowc                           0x00000000   Number         0  stubs.o ABSOLUTE
    _printf_n                                0x00000000   Number         0  stubs.o ABSOLUTE
    _printf_o                                0x00000000   Number         0  stubs.o ABSOLUTE
    _printf_p                                0x00000000   Number         0  stubs.o ABSOLUTE
    _printf_percent                          0x00000000   Number         0  stubs.o ABSOLUTE
    _printf_pre_padding                      0x00000000   Number         0  stubs.o ABSOLUTE
    _printf_return_value                     0x00000000   Number         0  stubs.o ABSOLUTE
    _printf_s                                0x00000000   Number         0  stubs.o ABSOLUTE
    _printf_sizespec                         0x00000000   Number         0  stubs.o ABSOLUTE
    _printf_str                              0x00000000   Number         0  stubs.o ABSOLUTE
    _printf_truncate_signed                  0x00000000   Number         0  stubs.o ABSOLUTE
    _printf_truncate_unsigned                0x00000000   Number         0  stubs.o ABSOLUTE
    _printf_u                                0x00000000   Number         0  stubs.o ABSOLUTE
    _printf_wc                               0x00000000   Number         0  stubs.o ABSOLUTE
    _printf_wctomb                           0x00000000   Number         0  stubs.o ABSOLUTE
    _printf_widthprec                        0x00000000   Number         0  stubs.o ABSOLUTE
    _printf_x                                0x00000000   Number         0  stubs.o ABSOLUTE
    __arm_fini_                               - Undefined Weak Reference
    __cpp_initialize__aeabi_                  - Undefined Weak Reference
    __cxa_finalize                            - Undefined Weak Reference
    _clock_init                               - Undefined Weak Reference
    _microlib_exit                            - Undefined Weak Reference
    _scanf_longlong                           - Undefined Weak Reference
    _scanf_string                             - Undefined Weak Reference
    __Vectors_Size                           0x0000018c   Number         0  startup_stm32l432xx.o ABSOLUTE
    __Vectors                                0x08000000   Data           4  startup_stm32l432xx.o(RESET)
    __Vectors_End                            0x0800018c   Data           0  startup_stm32l432xx.o(RESET)
    __main                                   0x0800018d   Thumb Code     0  entry.o(.ARM.Collect$$$$00000000)
    _main_stk                                0x0800018d   Thumb Code     0  entry2.o(.ARM.Collect$$$$00000001)
    _main_scatterload                        0x08000191   Thumb Code     0  entry5.o(.ARM.Collect$$$$00000004)
    __main_after_scatterload                 0x08000195   Thumb Code     0  entry5.o(.ARM.Collect$$$$00000004)
    _main_clock                              0x08000195   Thumb Code     0  entry7b.o(.ARM.Collect$$$$00000008)
    _main_cpp_init                           0x08000195   Thumb Code     0  entry8b.o(.ARM.Collect$$$$0000000A)
    _main_init                               0x08000195   Thumb Code     0  entry9a.o(.ARM.Collect$$$$0000000B)
    __rt_lib_shutdown_fini                   0x0800019d   Thumb Code     0  entry12b.o(.ARM.Collect$$$$0000000E)
    __rt_final_cpp                           0x080001a1   Thumb Code     0  entry10a.o(.ARM.Collect$$$$0000000F)
    __rt_final_exit                          0x080001a1   Thumb Code     0  entry11a.o(.ARM.Collect$$$$00000011)
    Reset_Handler                            0x080001a5   Thumb Code     8  startup_stm32l432xx.o(.text)
    ADC1_IRQHandler                          0x080001bf   Thumb Code     0  startup_stm32l432xx.o(.text)
    CAN1_RX0_IRQHandler                      0x080001bf   Thumb Code     0  startup_stm32l432xx.o(.text)
    CAN1_RX1_IRQHandler                      0x080001bf   Thumb Code     0  startup_stm32l432xx.o(.text)
    CAN1_SCE_IRQHandler                      0x080001bf   Thumb Code     0  startup_stm32l432xx.o(.text)
    CAN1_TX_IRQHandler                       0x080001bf   Thumb Code     0  startup_stm32l432xx.o(.text)
    COMP_IRQHandler                          0x080001bf   Thumb Code     0  startup_stm32l432xx.o(.text)
    CRS_IRQHandler                           0x080001bf   Thumb Code     0  startup_stm32l432xx.o(.text)
    DMA1_Channel1_IRQHandler                 0x080001bf   Thumb Code     0  startup_stm32l432xx.o(.text)
    DMA1_Channel2_IRQHandler                 0x080001bf   Thumb Code     0  startup_stm32l432xx.o(.text)
    DMA1_Channel3_IRQHandler                 0x080001bf   Thumb Code     0  startup_stm32l432xx.o(.text)
    DMA1_Channel4_IRQHandler                 0x080001bf   Thumb Code     0  startup_stm32l432xx.o(.text)
    DMA1_Channel5_IRQHandler                 0x080001bf   Thumb Code     0  startup_stm32l432xx.o(.text)
    DMA1_Channel6_IRQHandler                 0x080001bf   Thumb Code     0  startup_stm32l432xx.o(.text)
    DMA1_Channel7_IRQHandler                 0x080001bf   Thumb Code     0  startup_stm32l432xx.o(.text)
    DMA2_Channel1_IRQHandler                 0x080001bf   Thumb Code     0  startup_stm32l432xx.o(.text)
    DMA2_Channel2_IRQHandler                 0x080001bf   Thumb Code     0  startup_stm32l432xx.o(.text)
    DMA2_Channel3_IRQHandler                 0x080001bf   Thumb Code     0  startup_stm32l432xx.o(.text)
    DMA2_Channel4_IRQHandler                 0x080001bf   Thumb Code     0  startup_stm32l432xx.o(.text)
    DMA2_Channel5_IRQHandler                 0x080001bf   Thumb Code     0  startup_stm32l432xx.o(.text)
    DMA2_Channel6_IRQHandler                 0x080001bf   Thumb Code     0  startup_stm32l432xx.o(.text)
    DMA2_Channel7_IRQHandler                 0x080001bf   Thumb Code     0  startup_stm32l432xx.o(.text)
    EXTI0_IRQHandler                         0x080001bf   Thumb Code     0  startup_stm32l432xx.o(.text)
    EXTI15_10_IRQHandler                     0x080001bf   Thumb Code     0  startup_stm32l432xx.o(.text)
    EXTI1_IRQHandler                         0x080001bf   Thumb Code     0  startup_stm32l432xx.o(.text)
    EXTI2_IRQHandler                         0x080001bf   Thumb Code     0  startup_stm32l432xx.o(.text)
    EXTI3_IRQHandler                         0x080001bf   Thumb Code     0  startup_stm32l432xx.o(.text)
    EXTI4_IRQHandler                         0x080001bf   Thumb Code     0  startup_stm32l432xx.o(.text)
    EXTI9_5_IRQHandler                       0x080001bf   Thumb Code     0  startup_stm32l432xx.o(.text)
    FLASH_IRQHandler                         0x080001bf   Thumb Code     0  startup_stm32l432xx.o(.text)
    FPU_IRQHandler                           0x080001bf   Thumb Code     0  startup_stm32l432xx.o(.text)
    I2C1_ER_IRQHandler                       0x080001bf   Thumb Code     0  startup_stm32l432xx.o(.text)
    I2C1_EV_IRQHandler                       0x080001bf   Thumb Code     0  startup_stm32l432xx.o(.text)
    I2C3_ER_IRQHandler                       0x080001bf   Thumb Code     0  startup_stm32l432xx.o(.text)
    I2C3_EV_IRQHandler                       0x080001bf   Thumb Code     0  startup_stm32l432xx.o(.text)
    LPTIM1_IRQHandler                        0x080001bf   Thumb Code     0  startup_stm32l432xx.o(.text)
    LPTIM2_IRQHandler                        0x080001bf   Thumb Code     0  startup_stm32l432xx.o(.text)
    LPUART1_IRQHandler                       0x080001bf   Thumb Code     0  startup_stm32l432xx.o(.text)
    PVD_PVM_IRQHandler                       0x080001bf   Thumb Code     0  startup_stm32l432xx.o(.text)
    QUADSPI_IRQHandler                       0x080001bf   Thumb Code     0  startup_stm32l432xx.o(.text)
    RCC_IRQHandler                           0x080001bf   Thumb Code     0  startup_stm32l432xx.o(.text)
    RNG_IRQHandler                           0x080001bf   Thumb Code     0  startup_stm32l432xx.o(.text)
    RTC_Alarm_IRQHandler                     0x080001bf   Thumb Code     0  startup_stm32l432xx.o(.text)
    RTC_WKUP_IRQHandler                      0x080001bf   Thumb Code     0  startup_stm32l432xx.o(.text)
    SAI1_IRQHandler                          0x080001bf   Thumb Code     0  startup_stm32l432xx.o(.text)
    SPI1_IRQHandler                          0x080001bf   Thumb Code     0  startup_stm32l432xx.o(.text)
    SPI3_IRQHandler                          0x080001bf   Thumb Code     0  startup_stm32l432xx.o(.text)
    SWPMI1_IRQHandler                        0x080001bf   Thumb Code     0  startup_stm32l432xx.o(.text)
    TAMP_STAMP_IRQHandler                    0x080001bf   Thumb Code     0  startup_stm32l432xx.o(.text)
    TIM1_BRK_TIM15_IRQHandler                0x080001bf   Thumb Code     0  startup_stm32l432xx.o(.text)
    TIM1_CC_IRQHandler                       0x080001bf   Thumb Code     0  startup_stm32l432xx.o(.text)
    TIM1_TRG_COM_IRQHandler                  0x080001bf   Thumb Code     0  startup_stm32l432xx.o(.text)
    TIM1_UP_TIM16_IRQHandler                 0x080001bf   Thumb Code     0  startup_stm32l432xx.o(.text)
    TIM6_DAC_IRQHandler                      0x080001bf   Thumb Code     0  startup_stm32l432xx.o(.text)
    TIM7_IRQHandler                          0x080001bf   Thumb Code     0  startup_stm32l432xx.o(.text)
    TSC_IRQHandler                           0x080001bf   Thumb Code     0  startup_stm32l432xx.o(.text)
    USART1_IRQHandler                        0x080001bf   Thumb Code     0  startup_stm32l432xx.o(.text)
    USART2_IRQHandler                        0x080001bf   Thumb Code     0  startup_stm32l432xx.o(.text)
    USB_IRQHandler                           0x080001bf   Thumb Code     0  startup_stm32l432xx.o(.text)
    WWDG_IRQHandler                          0x080001bf   Thumb Code     0  startup_stm32l432xx.o(.text)
    __aeabi_uldivmod                         0x080001c9   Thumb Code    98  uldiv.o(.text)
    __aeabi_memcpy                           0x08000231   Thumb Code    36  memcpya.o(.text)
    __aeabi_memcpy4                          0x08000231   Thumb Code     0  memcpya.o(.text)
    __aeabi_memcpy8                          0x08000231   Thumb Code     0  memcpya.o(.text)
    __aeabi_memset                           0x08000255   Thumb Code    14  memseta.o(.text)
    __aeabi_memset4                          0x08000255   Thumb Code     0  memseta.o(.text)
    __aeabi_memset8                          0x08000255   Thumb Code     0  memseta.o(.text)
    __aeabi_memclr                           0x08000263   Thumb Code     4  memseta.o(.text)
    __aeabi_memclr4                          0x08000263   Thumb Code     0  memseta.o(.text)
    __aeabi_memclr8                          0x08000263   Thumb Code     0  memseta.o(.text)
    _memset$wrapper                          0x08000267   Thumb Code    18  memseta.o(.text)
    memcmp                                   0x08000279   Thumb Code    26  memcmp.o(.text)
    __0scanf                                 0x08000295   Thumb Code    26  __0scanf.o(.text)
    _scanf_int                               0x080002b5   Thumb Code   332  _scanf_int.o(.text)
    _scanf_real                              0x08000531   Thumb Code     0  scanf_fp.o(.text)
    _scanf_really_real                       0x08000531   Thumb Code   556  scanf_fp.o(.text)
    __aeabi_dadd                             0x0800076f   Thumb Code   322  dadd.o(.text)
    __aeabi_dsub                             0x080008b1   Thumb Code     6  dadd.o(.text)
    __aeabi_drsub                            0x080008b7   Thumb Code     6  dadd.o(.text)
    __aeabi_ddiv                             0x080008cd   Thumb Code   222  ddiv.o(.text)
    __aeabi_ui2d                             0x080009ab   Thumb Code    26  dfltui.o(.text)
    __aeabi_uidiv                            0x080009c5   Thumb Code     0  uidiv.o(.text)
    __aeabi_uidivmod                         0x080009c5   Thumb Code    44  uidiv.o(.text)
    __aeabi_llsl                             0x080009f1   Thumb Code    30  llshl.o(.text)
    _ll_shift_l                              0x080009f1   Thumb Code     0  llshl.o(.text)
    __aeabi_llsr                             0x08000a0f   Thumb Code    32  llushr.o(.text)
    _ll_ushift_r                             0x08000a0f   Thumb Code     0  llushr.o(.text)
    __aeabi_lasr                             0x08000a2f   Thumb Code    36  llsshr.o(.text)
    _ll_sshift_r                             0x08000a2f   Thumb Code     0  llsshr.o(.text)
    _chval                                   0x08000a53   Thumb Code    28  _chval.o(.text)
    __vfscanf_char_file                      0x08000a71   Thumb Code    12  scanf_char_file.o(.text)
    __I$use$fp                               0x08000a85   Thumb Code     0  iusefp.o(.text)
    _double_round                            0x08000a85   Thumb Code    30  depilogue.o(.text)
    _double_epilogue                         0x08000aa3   Thumb Code   156  depilogue.o(.text)
    __aeabi_dmul                             0x08000b3f   Thumb Code   228  dmul.o(.text)
    __aeabi_ul2d                             0x08000c29   Thumb Code    24  dfltul.o(.text)
    __aeabi_d2ulz                            0x08000c41   Thumb Code    48  dfixul.o(.text)
    __aeabi_cdrcmple                         0x08000c71   Thumb Code    48  cdrcmple.o(.text)
    __aeabi_d2f                              0x08000ca1   Thumb Code    56  d2f.o(.text)
    __scatterload                            0x08000cd9   Thumb Code    28  init.o(.text)
    __scatterload_rt2                        0x08000cd9   Thumb Code     0  init.o(.text)
    _fgetc$bs                                0x08000cfd   Thumb Code    28  fgetc_b.o(.text)
    __backspace                              0x08000d19   Thumb Code    10  fgetc_b.o(.text)
    __vfscanf_char                           0x08000d35   Thumb Code    20  scanf_char.o(.text)
    _float_round                             0x08000d51   Thumb Code    18  fepilogue.o(.text)
    _float_epilogue                          0x08000d63   Thumb Code    92  fepilogue.o(.text)
    __semihosting_library_function           0x08000dbf   Thumb Code     0  semi.o(.text)
    isspace                                  0x08000dbf   Thumb Code    10  isspace_c.o(.text)
    __vfscanf                                0x08000dc9   Thumb Code   810  _scanf.o(.text)
    __I$use$semihosting$fgetc                0x080010ff   Thumb Code     0  iusesemig.o(.text)
    __ctype_lookup                           0x08001101   Thumb Code    34  ctype_c.o(.text)
    __decompress                             0x08001129   Thumb Code     0  __dczerorl2.o(.text)
    __decompress1                            0x08001129   Thumb Code    86  __dczerorl2.o(.text)
    BusFault_Handler                         0x0800117f   Thumb Code     2  stm32l4xx_it.o(i.BusFault_Handler)
    DebugMon_Handler                         0x080011ed   Thumb Code     2  stm32l4xx_it.o(i.DebugMon_Handler)
    Error_Handler                            0x080011ef   Thumb Code     4  main.o(i.Error_Handler)
    HAL_CRCEx_Polynomial_Set                 0x080011f3   Thumb Code    78  stm32l4xx_hal_crc_ex.o(i.HAL_CRCEx_Polynomial_Set)
    HAL_CRC_Init                             0x08001241   Thumb Code   112  stm32l4xx_hal_crc.o(i.HAL_CRC_Init)
    HAL_CRC_MspInit                          0x080012b5   Thumb Code    30  crc.o(i.HAL_CRC_MspInit)
    HAL_Delay                                0x080012dd   Thumb Code    32  stm32l4xx_hal.o(i.HAL_Delay)
    HAL_GPIO_Init                            0x08001301   Thumb Code   488  stm32l4xx_hal_gpio.o(i.HAL_GPIO_Init)
    HAL_GPIO_WritePin                        0x08001503   Thumb Code    10  stm32l4xx_hal_gpio.o(i.HAL_GPIO_WritePin)
    HAL_GetTick                              0x0800150d   Thumb Code     6  stm32l4xx_hal.o(i.HAL_GetTick)
    HAL_IncTick                              0x08001519   Thumb Code    12  stm32l4xx_hal.o(i.HAL_IncTick)
    HAL_Init                                 0x08001529   Thumb Code    30  stm32l4xx_hal.o(i.HAL_Init)
    HAL_InitTick                             0x08001549   Thumb Code    58  stm32l4xx_hal.o(i.HAL_InitTick)
    HAL_MspInit                              0x0800158d   Thumb Code    38  stm32l4xx_hal_msp.o(i.HAL_MspInit)
    HAL_NVIC_SetPriority                     0x080015b9   Thumb Code    60  stm32l4xx_hal_cortex.o(i.HAL_NVIC_SetPriority)
    HAL_NVIC_SetPriorityGrouping             0x080015f9   Thumb Code    26  stm32l4xx_hal_cortex.o(i.HAL_NVIC_SetPriorityGrouping)
    HAL_PWREx_ControlVoltageScaling          0x0800161d   Thumb Code    90  stm32l4xx_hal_pwr_ex.o(i.HAL_PWREx_ControlVoltageScaling)
    HAL_PWREx_GetVoltageRange                0x08001685   Thumb Code    10  stm32l4xx_hal_pwr_ex.o(i.HAL_PWREx_GetVoltageRange)
    HAL_RCCEx_PeriphCLKConfig                0x08001695   Thumb Code   634  stm32l4xx_hal_rcc_ex.o(i.HAL_RCCEx_PeriphCLKConfig)
    HAL_RCC_ClockConfig                      0x08001921   Thumb Code   304  stm32l4xx_hal_rcc.o(i.HAL_RCC_ClockConfig)
    HAL_RCC_GetPCLK1Freq                     0x08001a65   Thumb Code    24  stm32l4xx_hal_rcc.o(i.HAL_RCC_GetPCLK1Freq)
    HAL_RCC_GetPCLK2Freq                     0x08001a89   Thumb Code    24  stm32l4xx_hal_rcc.o(i.HAL_RCC_GetPCLK2Freq)
    HAL_RCC_GetSysClockFreq                  0x08001aad   Thumb Code   150  stm32l4xx_hal_rcc.o(i.HAL_RCC_GetSysClockFreq)
    HAL_RCC_OscConfig                        0x08001b51   Thumb Code  1366  stm32l4xx_hal_rcc.o(i.HAL_RCC_OscConfig)
    HAL_SYSTICK_Config                       0x080020b1   Thumb Code    40  stm32l4xx_hal_cortex.o(i.HAL_SYSTICK_Config)
    HAL_UART_Init                            0x080020d9   Thumb Code   102  stm32l4xx_hal_uart.o(i.HAL_UART_Init)
    HAL_UART_MspInit                         0x08002141   Thumb Code   110  usart.o(i.HAL_UART_MspInit)
    HAL_UART_Receive                         0x080021b9   Thumb Code   248  stm32l4xx_hal_uart.o(i.HAL_UART_Receive)
    HAL_UART_Transmit                        0x080022b9   Thumb Code   182  stm32l4xx_hal_uart.o(i.HAL_UART_Transmit)
    HardFault_Handler                        0x0800236f   Thumb Code     2  stm32l4xx_it.o(i.HardFault_Handler)
    LL_TIM_Init                              0x08002371   Thumb Code    92  stm32l4xx_ll_tim.o(i.LL_TIM_Init)
    MX_CRC_Init                              0x080023d9   Thumb Code    40  crc.o(i.MX_CRC_Init)
    MX_GPIO_Init                             0x08002409   Thumb Code   100  gpio.o(i.MX_GPIO_Init)
    MX_TIM2_Init                             0x08002475   Thumb Code   138  tim.o(i.MX_TIM2_Init)
    MX_USART2_UART_Init                      0x08002511   Thumb Code    52  usart.o(i.MX_USART2_UART_Init)
    MX_X_CUBE_AI_Init                        0x0800254d   Thumb Code     4  app_x-cube-ai.o(i.MX_X_CUBE_AI_Init)
    MemManage_Handler                        0x08002551   Thumb Code     2  stm32l4xx_it.o(i.MemManage_Handler)
    NMI_Handler                              0x08002553   Thumb Code     2  stm32l4xx_it.o(i.NMI_Handler)
    PendSV_Handler                           0x08002555   Thumb Code     2  stm32l4xx_it.o(i.PendSV_Handler)
    SVC_Handler                              0x08002701   Thumb Code     2  stm32l4xx_it.o(i.SVC_Handler)
    SysTick_Handler                          0x08002703   Thumb Code     4  stm32l4xx_it.o(i.SysTick_Handler)
    SystemClock_Config                       0x08002707   Thumb Code   140  main.o(i.SystemClock_Config)
    SystemInit                               0x08002795   Thumb Code    12  system_stm32l4xx.o(i.SystemInit)
    TIM2_IRQHandler                          0x080027a5   Thumb Code     2  stm32l4xx_it.o(i.TIM2_IRQHandler)
    UART_AdvFeatureConfig                    0x080027a7   Thumb Code   200  stm32l4xx_hal_uart.o(i.UART_AdvFeatureConfig)
    UART_CheckIdleState                      0x0800286f   Thumb Code    92  stm32l4xx_hal_uart.o(i.UART_CheckIdleState)
    UART_SetConfig                           0x080028cd   Thumb Code   448  stm32l4xx_hal_uart.o(i.UART_SetConfig)
    UART_WaitOnFlagUntilTimeout              0x08002aa9   Thumb Code   198  stm32l4xx_hal_uart.o(i.UART_WaitOnFlagUntilTimeout)
    UsageFault_Handler                       0x08002b6f   Thumb Code     2  stm32l4xx_it.o(i.UsageFault_Handler)
    __0printf                                0x08002b71   Thumb Code    22  printfa.o(i.__0printf)
    __1printf                                0x08002b71   Thumb Code     0  printfa.o(i.__0printf)
    __2printf                                0x08002b71   Thumb Code     0  printfa.o(i.__0printf)
    __c89printf                              0x08002b71   Thumb Code     0  printfa.o(i.__0printf)
    printf                                   0x08002b71   Thumb Code     0  printfa.o(i.__0printf)
    free                                     0x08002bb1   Thumb Code    88  mallocr.o(i.__free$realloc)
    malloc                                   0x08002c0d   Thumb Code    64  mallocr.o(i.__malloc$realloc)
    __scatterload_copy                       0x08002c5d   Thumb Code    14  handlers.o(i.__scatterload_copy)
    __scatterload_null                       0x08002c6b   Thumb Code     2  handlers.o(i.__scatterload_null)
    __scatterload_zeroinit                   0x08002c6d   Thumb Code    14  handlers.o(i.__scatterload_zeroinit)
    _ai_platform_acquire_crc                 0x08002c8d   Thumb Code     4  ai_platform_interface.o(i._ai_platform_acquire_crc)
    _ai_platform_release_crc                 0x08002d67   Thumb Code     2  ai_platform_interface.o(i._ai_platform_release_crc)
    _is_digit                                0x08002ef3   Thumb Code    14  scanf_fp.o(i._is_digit)
    aiInit                                   0x08003a3d   Thumb Code    56  app_x-cube-ai.o(i.aiInit)
    aiRun                                    0x08003a7d   Thumb Code    38  app_x-cube-ai.o(i.aiRun)
    ai_array_get_byte_size                   0x08003aa9   Thumb Code    54  ai_datatypes_format.o(i.ai_array_get_byte_size)
    ai_array_get_data_byte_size              0x08003adf   Thumb Code    30  ai_datatypes_format.o(i.ai_array_get_data_byte_size)
    ai_array_to_buffer_fmt                   0x08003afd   Thumb Code   242  ai_datatypes_format.o(i.ai_array_to_buffer_fmt)
    ai_buffer_array_item_set_address         0x08003c25   Thumb Code    36  ai_platform.o(i.ai_buffer_array_item_set_address)
    ai_buffer_array_sane                     0x08003c49   Thumb Code    18  ai_platform.o(i.ai_buffer_array_sane)
    ai_buffer_get_size                       0x08003c5d   Thumb Code    96  ai_platform.o(i.ai_buffer_get_size)
    ai_check_custom_types                    0x08003cc5   Thumb Code    38  layers.o(i.ai_check_custom_types)
    ai_dict_decompress_f32                   0x08004385   Thumb Code   122  layers_conv2d_generic_float.o(i.ai_dict_decompress_f32)
    ai_layers_forward_all                    0x080043ff   Thumb Code    78  layers.o(i.ai_layers_forward_all)
    ai_layers_init_all                       0x0800444d   Thumb Code    30  layers.o(i.ai_layers_init_all)
    ai_layers_post_init_all                  0x0800446b   Thumb Code    54  layers.o(i.ai_layers_post_init_all)
    ai_network_create                        0x080044a1   Thumb Code    20  network.o(i.ai_network_create)
    ai_network_create_and_init               0x080044b9   Thumb Code   132  network.o(i.ai_network_create_and_init)
    ai_network_data_params_get               0x0800453d   Thumb Code    36  network_data.o(i.ai_network_data_params_get)
    ai_network_get_error                     0x08004565   Thumb Code     4  network.o(i.ai_network_get_error)
    ai_network_init                          0x08004569   Thumb Code    48  network.o(i.ai_network_init)
    ai_network_inputs_get                    0x08004599   Thumb Code    12  network.o(i.ai_network_inputs_get)
    ai_network_outputs_get                   0x080045ad   Thumb Code    12  network.o(i.ai_network_outputs_get)
    ai_network_run                           0x080045c1   Thumb Code     4  network.o(i.ai_network_run)
    ai_platform_bind_network_params          0x080045c5   Thumb Code    38  ai_platform_interface.o(i.ai_platform_bind_network_params)
    ai_platform_context_acquire              0x080045f1   Thumb Code    24  ai_platform_interface.o(i.ai_platform_context_acquire)
    ai_platform_get_activations_map          0x0800460d   Thumb Code    38  ai_platform_interface.o(i.ai_platform_get_activations_map)
    ai_platform_get_weights_map              0x08004639   Thumb Code    36  ai_platform_interface.o(i.ai_platform_get_weights_map)
    ai_platform_inputs_get                   0x08004661   Thumb Code    60  ai_platform_interface.o(i.ai_platform_inputs_get)
    ai_platform_interface_api_get_version    0x0800469d   Thumb Code    14  ai_platform_interface.o(i.ai_platform_interface_api_get_version)
    ai_platform_network_create               0x080046b1   Thumb Code   240  ai_platform_interface.o(i.ai_platform_network_create)
    ai_platform_network_get_error            0x080047c1   Thumb Code    24  ai_platform_interface.o(i.ai_platform_network_get_error)
    ai_platform_network_init                 0x080047dd   Thumb Code   254  ai_platform_interface.o(i.ai_platform_network_init)
    ai_platform_network_post_init            0x080048ef   Thumb Code    70  ai_platform_interface.o(i.ai_platform_network_post_init)
    ai_platform_network_process              0x08004935   Thumb Code    84  ai_platform_interface.o(i.ai_platform_network_process)
    ai_platform_network_set_error            0x08004989   Thumb Code    12  ai_platform_interface.o(i.ai_platform_network_set_error)
    ai_platform_outputs_get                  0x08004995   Thumb Code    68  ai_platform_interface.o(i.ai_platform_outputs_get)
    ai_version_get                           0x080049f3   Thumb Code    12  ai_datatypes_internal.o(i.ai_version_get)
    arm_mat_gemm_f32                         0x08004a01   Thumb Code   378  layers_conv2d_generic_float.o(i.arm_mat_gemm_f32)
    core_get_error                           0x08004b87   Thumb Code    12  core_common.o(i.core_get_error)
    core_init                                0x08004b93   Thumb Code     4  core_common.o(i.core_init)
    core_set_error                           0x08004bc9   Thumb Code    26  core_common.o(i.core_set_error)
    fgetc                                    0x08004be5   Thumb Code    22  usart.o(i.fgetc)
    forward_bn                               0x08004c01   Thumb Code   298  layers_norm_generic_float.o(i.forward_bn)
    forward_conv2d                           0x08004d2d   Thumb Code   656  layers_conv2d_generic_float.o(i.forward_conv2d)
    forward_gemm                             0x08004fc7   Thumb Code   416  layers_conv2d_generic_float.o(i.forward_gemm)
    forward_mp                               0x08005169   Thumb Code   336  layers_pool_generic_float.o(i.forward_mp)
    fputc                                    0x080052c1   Thumb Code    20  usart.o(i.fputc)
    getCurrentMicros                         0x080052db   Thumb Code    68  main.o(i.getCurrentMicros)
    get_tensor_byte_size                     0x08005321   Thumb Code    34  ai_datatypes_internal.o(i.get_tensor_byte_size)
    main                                     0x08005399   Thumb Code   266  main.o(i.main)
    nl_func_relu_array_f32                   0x0800563d   Thumb Code    62  layers_nl_generic_float.o(i.nl_func_relu_array_f32)
    pool_func_mp_kernel_array_f32            0x08005681   Thumb Code    62  layers_pool_generic_float.o(i.pool_func_mp_kernel_array_f32)
    st_dsp_arm_mat_init_f32                  0x080056bf   Thumb Code     8  arm_mat_init_f32.o(i.st_dsp_arm_mat_init_f32)
    s_network_network_weights_array_u64      0x08005700   Data        1840  network_data.o(.constdata)
    AHBPrescTable                            0x08005ea8   Data          16  system_stm32l4xx.o(.constdata)
    MSIRangeTable                            0x08005eb8   Data          48  system_stm32l4xx.o(.constdata)
    APBPrescTable                            0x08005ee8   Data           8  system_stm32l4xx.o(.constdata)
    __ctype_categories                       0x08005f5c   Data          64  ctype_c.o(.constdata)
    Region$$Table$$Base                      0x08005f9c   Number         0  anon$$obj.o(Region$$Table)
    Region$$Table$$Limit                     0x08005fbc   Number         0  anon$$obj.o(Region$$Table)
    g_network_data_map_activations           0x20000a74   Data          28  network_data.o(.data)
    g_network_data_map_weights               0x20000a90   Data          28  network_data.o(.data)
    result                                   0x20000aac   Data           8  main.o(.data)
    uwTickFreq                               0x20000ac8   Data           1  stm32l4xx_hal.o(.data)
    uwTickPrio                               0x20000acc   Data           4  stm32l4xx_hal.o(.data)
    uwTick                                   0x20000ad0   Data           4  stm32l4xx_hal.o(.data)
    SystemCoreClock                          0x20000ad4   Data           4  system_stm32l4xx.o(.data)
    __stdin                                  0x20000ad8   Data           4  stdin.o(.data)
    __stdout                                 0x20000adc   Data           4  stdout.o(.data)
    __microlib_freelist                      0x20000ae0   Data           4  mvars.o(.data)
    __microlib_freelist_initialised          0x20000ae4   Data           4  mvars.o(.data)
    input                                    0x20000b84   Data        5000  main.o(.bss)
    hcrc                                     0x20001f0c   Data          36  crc.o(.bss)
    huart2                                   0x200027ac   Data         132  usart.o(.bss)
    __heap_base                              0x20002830   Data           0  startup_stm32l432xx.o(HEAP)
    __heap_limit                             0x20003030   Data           0  startup_stm32l432xx.o(HEAP)
    __initial_sp                             0x20003830   Data           0  startup_stm32l432xx.o(STACK)



==============================================================================

Memory Map of the image

  Image Entry point : 0x0800018d

  Load Region LR_IROM1 (Base: 0x08000000, Size: 0x00006aa8, Max: 0x00040000, ABSOLUTE, COMPRESSED[0x00006328])

    Execution Region ER_IROM1 (Exec base: 0x08000000, Load base: 0x08000000, Size: 0x00005fbc, Max: 0x00040000, ABSOLUTE)

    Exec Addr    Load Addr    Size         Type   Attr      Idx    E Section Name        Object

    0x08000000   0x08000000   0x0000018c   Data   RO            3    RESET               startup_stm32l432xx.o
    0x0800018c   0x0800018c   0x00000000   Code   RO         4999  * .ARM.Collect$$$$00000000  mc_w.l(entry.o)
    0x0800018c   0x0800018c   0x00000004   Code   RO         5364    .ARM.Collect$$$$00000001  mc_w.l(entry2.o)
    0x08000190   0x08000190   0x00000004   Code   RO         5367    .ARM.Collect$$$$00000004  mc_w.l(entry5.o)
    0x08000194   0x08000194   0x00000000   Code   RO         5369    .ARM.Collect$$$$00000008  mc_w.l(entry7b.o)
    0x08000194   0x08000194   0x00000000   Code   RO         5371    .ARM.Collect$$$$0000000A  mc_w.l(entry8b.o)
    0x08000194   0x08000194   0x00000008   Code   RO         5372    .ARM.Collect$$$$0000000B  mc_w.l(entry9a.o)
    0x0800019c   0x0800019c   0x00000004   Code   RO         5379    .ARM.Collect$$$$0000000E  mc_w.l(entry12b.o)
    0x080001a0   0x080001a0   0x00000000   Code   RO         5374    .ARM.Collect$$$$0000000F  mc_w.l(entry10a.o)
    0x080001a0   0x080001a0   0x00000000   Code   RO         5376    .ARM.Collect$$$$00000011  mc_w.l(entry11a.o)
    0x080001a0   0x080001a0   0x00000004   Code   RO         5365    .ARM.Collect$$$$00002712  mc_w.l(entry2.o)
    0x080001a4   0x080001a4   0x00000024   Code   RO            4    .text               startup_stm32l432xx.o
    0x080001c8   0x080001c8   0x00000068   Code   RO         5002    .text               mc_w.l(uldiv.o)
    0x08000230   0x08000230   0x00000024   Code   RO         5007    .text               mc_w.l(memcpya.o)
    0x08000254   0x08000254   0x00000024   Code   RO         5009    .text               mc_w.l(memseta.o)
    0x08000278   0x08000278   0x0000001a   Code   RO         5011    .text               mc_w.l(memcmp.o)
    0x08000292   0x08000292   0x00000002   PAD
    0x08000294   0x08000294   0x00000020   Code   RO         5304    .text               mc_w.l(__0scanf.o)
    0x080002b4   0x080002b4   0x00000152   Code   RO         5306    .text               mc_w.l(_scanf_int.o)
    0x08000406   0x08000406   0x00000002   PAD
    0x08000408   0x08000408   0x00000366   Code   RO         5308    .text               mc_w.l(scanf_fp.o)
    0x0800076e   0x0800076e   0x0000015e   Code   RO         5312    .text               mf_w.l(dadd.o)
    0x080008cc   0x080008cc   0x000000de   Code   RO         5314    .text               mf_w.l(ddiv.o)
    0x080009aa   0x080009aa   0x0000001a   Code   RO         5316    .text               mf_w.l(dfltui.o)
    0x080009c4   0x080009c4   0x0000002c   Code   RO         5382    .text               mc_w.l(uidiv.o)
    0x080009f0   0x080009f0   0x0000001e   Code   RO         5384    .text               mc_w.l(llshl.o)
    0x08000a0e   0x08000a0e   0x00000020   Code   RO         5386    .text               mc_w.l(llushr.o)
    0x08000a2e   0x08000a2e   0x00000024   Code   RO         5388    .text               mc_w.l(llsshr.o)
    0x08000a52   0x08000a52   0x0000001c   Code   RO         5399    .text               mc_w.l(_chval.o)
    0x08000a6e   0x08000a6e   0x00000002   PAD
    0x08000a70   0x08000a70   0x00000014   Code   RO         5401    .text               mc_w.l(scanf_char_file.o)
    0x08000a84   0x08000a84   0x00000000   Code   RO         5403    .text               mc_w.l(iusefp.o)
    0x08000a84   0x08000a84   0x000000ba   Code   RO         5408    .text               mf_w.l(depilogue.o)
    0x08000b3e   0x08000b3e   0x000000ea   Code   RO         5410    .text               mf_w.l(dmul.o)
    0x08000c28   0x08000c28   0x00000018   Code   RO         5412    .text               mf_w.l(dfltul.o)
    0x08000c40   0x08000c40   0x00000030   Code   RO         5414    .text               mf_w.l(dfixul.o)
    0x08000c70   0x08000c70   0x00000030   Code   RO         5416    .text               mf_w.l(cdrcmple.o)
    0x08000ca0   0x08000ca0   0x00000038   Code   RO         5418    .text               mf_w.l(d2f.o)
    0x08000cd8   0x08000cd8   0x00000024   Code   RO         5422    .text               mc_w.l(init.o)
    0x08000cfc   0x08000cfc   0x0000002c   Code   RO         5424    .text               mc_w.l(fgetc_b.o)
    0x08000d28   0x08000d28   0x00000028   Code   RO         5427    .text               mc_w.l(scanf_char.o)
    0x08000d50   0x08000d50   0x0000006e   Code   RO         5429    .text               mf_w.l(fepilogue.o)
    0x08000dbe   0x08000dbe   0x00000000   Code   RO         5431    .text               mc_w.l(semi.o)
    0x08000dbe   0x08000dbe   0x0000000a   Code   RO         5432    .text               mc_w.l(isspace_c.o)
    0x08000dc8   0x08000dc8   0x00000336   Code   RO         5434    .text               mc_w.l(_scanf.o)
    0x080010fe   0x080010fe   0x00000000   Code   RO         5436    .text               mc_w.l(iusesemig.o)
    0x080010fe   0x080010fe   0x00000002   PAD
    0x08001100   0x08001100   0x00000028   Code   RO         5437    .text               mc_w.l(ctype_c.o)
    0x08001128   0x08001128   0x00000056   Code   RO         5448    .text               mc_w.l(__dczerorl2.o)
    0x0800117e   0x0800117e   0x00000002   Code   RO          851    i.BusFault_Handler  stm32l4xx_it.o
    0x08001180   0x08001180   0x0000006c   Code   RO         3905    i.CRC_Lock          NetworkRuntime710_CM4_Keil.lib(ai_platform_interface.o)
    0x080011ec   0x080011ec   0x00000002   Code   RO          852    i.DebugMon_Handler  stm32l4xx_it.o
    0x080011ee   0x080011ee   0x00000004   Code   RO          415    i.Error_Handler     main.o
    0x080011f2   0x080011f2   0x0000004e   Code   RO         1159    i.HAL_CRCEx_Polynomial_Set  stm32l4xx_hal_crc_ex.o
    0x08001240   0x08001240   0x00000074   Code   RO         1093    i.HAL_CRC_Init      stm32l4xx_hal_crc.o
    0x080012b4   0x080012b4   0x00000028   Code   RO          636    i.HAL_CRC_MspInit   crc.o
    0x080012dc   0x080012dc   0x00000024   Code   RO         1200    i.HAL_Delay         stm32l4xx_hal.o
    0x08001300   0x08001300   0x00000202   Code   RO         2419    i.HAL_GPIO_Init     stm32l4xx_hal_gpio.o
    0x08001502   0x08001502   0x0000000a   Code   RO         2423    i.HAL_GPIO_WritePin  stm32l4xx_hal_gpio.o
    0x0800150c   0x0800150c   0x0000000c   Code   RO         1204    i.HAL_GetTick       stm32l4xx_hal.o
    0x08001518   0x08001518   0x00000010   Code   RO         1210    i.HAL_IncTick       stm32l4xx_hal.o
    0x08001528   0x08001528   0x0000001e   Code   RO         1211    i.HAL_Init          stm32l4xx_hal.o
    0x08001546   0x08001546   0x00000002   PAD
    0x08001548   0x08001548   0x00000044   Code   RO         1212    i.HAL_InitTick      stm32l4xx_hal.o
    0x0800158c   0x0800158c   0x0000002c   Code   RO          932    i.HAL_MspInit       stm32l4xx_hal_msp.o
    0x080015b8   0x080015b8   0x00000040   Code   RO         2942    i.HAL_NVIC_SetPriority  stm32l4xx_hal_cortex.o
    0x080015f8   0x080015f8   0x00000024   Code   RO         2943    i.HAL_NVIC_SetPriorityGrouping  stm32l4xx_hal_cortex.o
    0x0800161c   0x0800161c   0x00000068   Code   RO         2710    i.HAL_PWREx_ControlVoltageScaling  stm32l4xx_hal_pwr_ex.o
    0x08001684   0x08001684   0x00000010   Code   RO         2737    i.HAL_PWREx_GetVoltageRange  stm32l4xx_hal_pwr_ex.o
    0x08001694   0x08001694   0x0000028a   Code   RO         2052    i.HAL_RCCEx_PeriphCLKConfig  stm32l4xx_hal_rcc_ex.o
    0x0800191e   0x0800191e   0x00000002   PAD
    0x08001920   0x08001920   0x00000144   Code   RO         1924    i.HAL_RCC_ClockConfig  stm32l4xx_hal_rcc.o
    0x08001a64   0x08001a64   0x00000024   Code   RO         1930    i.HAL_RCC_GetPCLK1Freq  stm32l4xx_hal_rcc.o
    0x08001a88   0x08001a88   0x00000024   Code   RO         1931    i.HAL_RCC_GetPCLK2Freq  stm32l4xx_hal_rcc.o
    0x08001aac   0x08001aac   0x000000a4   Code   RO         1933    i.HAL_RCC_GetSysClockFreq  stm32l4xx_hal_rcc.o
    0x08001b50   0x08001b50   0x00000560   Code   RO         1936    i.HAL_RCC_OscConfig  stm32l4xx_hal_rcc.o
    0x080020b0   0x080020b0   0x00000028   Code   RO         2947    i.HAL_SYSTICK_Config  stm32l4xx_hal_cortex.o
    0x080020d8   0x080020d8   0x00000066   Code   RO         3406    i.HAL_UART_Init     stm32l4xx_hal_uart.o
    0x0800213e   0x0800213e   0x00000002   PAD
    0x08002140   0x08002140   0x00000078   Code   RO          794    i.HAL_UART_MspInit  usart.o
    0x080021b8   0x080021b8   0x000000fe   Code   RO         3409    i.HAL_UART_Receive  stm32l4xx_hal_uart.o
    0x080022b6   0x080022b6   0x00000002   PAD
    0x080022b8   0x080022b8   0x000000b6   Code   RO         3415    i.HAL_UART_Transmit  stm32l4xx_hal_uart.o
    0x0800236e   0x0800236e   0x00000002   Code   RO          853    i.HardFault_Handler  stm32l4xx_it.o
    0x08002370   0x08002370   0x00000068   Code   RO         3183    i.LL_TIM_Init       stm32l4xx_ll_tim.o
    0x080023d8   0x080023d8   0x00000030   Code   RO          637    i.MX_CRC_Init       crc.o
    0x08002408   0x08002408   0x0000006c   Code   RO          608    i.MX_GPIO_Init      gpio.o
    0x08002474   0x08002474   0x0000009c   Code   RO          759    i.MX_TIM2_Init      tim.o
    0x08002510   0x08002510   0x0000003c   Code   RO          795    i.MX_USART2_UART_Init  usart.o
    0x0800254c   0x0800254c   0x00000004   Code   RO          677    i.MX_X_CUBE_AI_Init  app_x-cube-ai.o
    0x08002550   0x08002550   0x00000002   Code   RO          854    i.MemManage_Handler  stm32l4xx_it.o
    0x08002552   0x08002552   0x00000002   Code   RO          855    i.NMI_Handler       stm32l4xx_it.o
    0x08002554   0x08002554   0x00000002   Code   RO          856    i.PendSV_Handler    stm32l4xx_it.o
    0x08002556   0x08002556   0x00000002   PAD
    0x08002558   0x08002558   0x0000012c   Code   RO         2056    i.RCCEx_PLLSAI1_Config  stm32l4xx_hal_rcc_ex.o
    0x08002684   0x08002684   0x0000007c   Code   RO         1937    i.RCC_SetFlashLatencyFromMSIRange  stm32l4xx_hal_rcc.o
    0x08002700   0x08002700   0x00000002   Code   RO          857    i.SVC_Handler       stm32l4xx_it.o
    0x08002702   0x08002702   0x00000004   Code   RO          858    i.SysTick_Handler   stm32l4xx_it.o
    0x08002706   0x08002706   0x0000008c   Code   RO          416    i.SystemClock_Config  main.o
    0x08002792   0x08002792   0x00000002   PAD
    0x08002794   0x08002794   0x00000010   Code   RO         3854    i.SystemInit        system_stm32l4xx.o
    0x080027a4   0x080027a4   0x00000002   Code   RO          859    i.TIM2_IRQHandler   stm32l4xx_it.o
    0x080027a6   0x080027a6   0x000000c8   Code   RO         3420    i.UART_AdvFeatureConfig  stm32l4xx_hal_uart.o
    0x0800286e   0x0800286e   0x0000005c   Code   RO         3421    i.UART_CheckIdleState  stm32l4xx_hal_uart.o
    0x080028ca   0x080028ca   0x00000002   PAD
    0x080028cc   0x080028cc   0x000001dc   Code   RO         3436    i.UART_SetConfig    stm32l4xx_hal_uart.o
    0x08002aa8   0x08002aa8   0x000000c6   Code   RO         3441    i.UART_WaitOnFlagUntilTimeout  stm32l4xx_hal_uart.o
    0x08002b6e   0x08002b6e   0x00000002   Code   RO          860    i.UsageFault_Handler  stm32l4xx_it.o
    0x08002b70   0x08002b70   0x00000020   Code   RO         5248    i.__0printf         mc_w.l(printfa.o)
    0x08002b90   0x08002b90   0x00000020   Code   RO         2949    i.__NVIC_SetPriority  stm32l4xx_hal_cortex.o
    0x08002bb0   0x08002bb0   0x0000005c   Code   RO         5280    i.__free$realloc    mc_w.l(mallocr.o)
    0x08002c0c   0x08002c0c   0x00000050   Code   RO         5281    i.__malloc$realloc  mc_w.l(mallocr.o)
    0x08002c5c   0x08002c5c   0x0000000e   Code   RO         5442    i.__scatterload_copy  mc_w.l(handlers.o)
    0x08002c6a   0x08002c6a   0x00000002   Code   RO         5443    i.__scatterload_null  mc_w.l(handlers.o)
    0x08002c6c   0x08002c6c   0x0000000e   Code   RO         5444    i.__scatterload_zeroinit  mc_w.l(handlers.o)
    0x08002c7a   0x08002c7a   0x00000012   Code   RO         4705    i._ai_forward_layer  NetworkRuntime710_CM4_Keil.lib(layers.o)
    0x08002c8c   0x08002c8c   0x00000004   Code   RO         3906    i._ai_platform_acquire_crc  NetworkRuntime710_CM4_Keil.lib(ai_platform_interface.o)
    0x08002c90   0x08002c90   0x000000d6   Code   RO         3907    i._ai_platform_get_io_buffers_info  NetworkRuntime710_CM4_Keil.lib(ai_platform_interface.o)
    0x08002d66   0x08002d66   0x00000002   Code   RO         3908    i._ai_platform_release_crc  NetworkRuntime710_CM4_Keil.lib(ai_platform_interface.o)
    0x08002d68   0x08002d68   0x0000018a   Code   RO         5255    i._fp_digits        mc_w.l(printfa.o)
    0x08002ef2   0x08002ef2   0x0000000e   Code   RO         5310    i._is_digit         mc_w.l(scanf_fp.o)
    0x08002f00   0x08002f00   0x0000004c   Code   RO         3909    i._platform_ai_buffer_array_copy  NetworkRuntime710_CM4_Keil.lib(ai_platform_interface.o)
    0x08002f4c   0x08002f4c   0x00000050   Code   RO         3910    i._platform_get_table_map_from_buffer  NetworkRuntime710_CM4_Keil.lib(ai_platform_interface.o)
    0x08002f9c   0x08002f9c   0x00000044   Code   RO         3911    i._platform_get_table_map_from_buffer_array  NetworkRuntime710_CM4_Keil.lib(ai_platform_interface.o)
    0x08002fe0   0x08002fe0   0x00000014   Code   RO         3912    i._platform_network_buffers_signature_valid  NetworkRuntime710_CM4_Keil.lib(ai_platform_interface.o)
    0x08002ff4   0x08002ff4   0x00000216   Code   RO         3913    i._platform_network_io_bind  NetworkRuntime710_CM4_Keil.lib(ai_platform_interface.o)
    0x0800320a   0x0800320a   0x0000003e   Code   RO         3914    i._platform_network_state_setup  NetworkRuntime710_CM4_Keil.lib(ai_platform_interface.o)
    0x08003248   0x08003248   0x00000068   Code   RO         3915    i._platform_network_state_update_input  NetworkRuntime710_CM4_Keil.lib(ai_platform_interface.o)
    0x080032b0   0x080032b0   0x00000080   Code   RO         3916    i._platform_network_state_update_output  NetworkRuntime710_CM4_Keil.lib(ai_platform_interface.o)
    0x08003330   0x08003330   0x000006ba   Code   RO         5256    i._printf_core      mc_w.l(printfa.o)
    0x080039ea   0x080039ea   0x00000024   Code   RO         5257    i._printf_post_padding  mc_w.l(printfa.o)
    0x08003a0e   0x08003a0e   0x0000002e   Code   RO         5258    i._printf_pre_padding  mc_w.l(printfa.o)
    0x08003a3c   0x08003a3c   0x00000040   Code   RO          680    i.aiInit            app_x-cube-ai.o
    0x08003a7c   0x08003a7c   0x0000002c   Code   RO          681    i.aiRun             app_x-cube-ai.o
    0x08003aa8   0x08003aa8   0x00000036   Code   RO         4233    i.ai_array_get_byte_size  NetworkRuntime710_CM4_Keil.lib(ai_datatypes_format.o)
    0x08003ade   0x08003ade   0x0000001e   Code   RO         4234    i.ai_array_get_data_byte_size  NetworkRuntime710_CM4_Keil.lib(ai_datatypes_format.o)
    0x08003afc   0x08003afc   0x00000128   Code   RO         4236    i.ai_array_to_buffer_fmt  NetworkRuntime710_CM4_Keil.lib(ai_datatypes_format.o)
    0x08003c24   0x08003c24   0x00000024   Code   RO         3891    i.ai_buffer_array_item_set_address  NetworkRuntime710_CM4_Keil.lib(ai_platform.o)
    0x08003c48   0x08003c48   0x00000012   Code   RO         3892    i.ai_buffer_array_sane  NetworkRuntime710_CM4_Keil.lib(ai_platform.o)
    0x08003c5a   0x08003c5a   0x00000002   PAD
    0x08003c5c   0x08003c5c   0x00000068   Code   RO         3894    i.ai_buffer_get_size  NetworkRuntime710_CM4_Keil.lib(ai_platform.o)
    0x08003cc4   0x08003cc4   0x0000002c   Code   RO         4706    i.ai_check_custom_types  NetworkRuntime710_CM4_Keil.lib(layers.o)
    0x08003cf0   0x08003cf0   0x00000126   Code   RO         3989    i.ai_conv2d_kernel_depthwise_f32  NetworkRuntime710_CM4_Keil.lib(layers_conv2d_generic_float.o)
    0x08003e16   0x08003e16   0x00000002   PAD
    0x08003e18   0x08003e18   0x0000016a   Code   RO         3990    i.ai_conv2d_kernel_group_f32  NetworkRuntime710_CM4_Keil.lib(layers_conv2d_generic_float.o)
    0x08003f82   0x08003f82   0x00000002   PAD
    0x08003f84   0x08003f84   0x0000018c   Code   RO         3991    i.ai_conv2d_kernel_simple_opt_f32  NetworkRuntime710_CM4_Keil.lib(layers_conv2d_generic_float.o)
    0x08004110   0x08004110   0x00000274   Code   RO         3992    i.ai_conv2d_stripe_f32  NetworkRuntime710_CM4_Keil.lib(layers_conv2d_generic_float.o)
    0x08004384   0x08004384   0x0000007a   Code   RO         3995    i.ai_dict_decompress_f32  NetworkRuntime710_CM4_Keil.lib(layers_conv2d_generic_float.o)
    0x080043fe   0x080043fe   0x0000004e   Code   RO         4710    i.ai_layers_forward_all  NetworkRuntime710_CM4_Keil.lib(layers.o)
    0x0800444c   0x0800444c   0x0000001e   Code   RO         4711    i.ai_layers_init_all  NetworkRuntime710_CM4_Keil.lib(layers.o)
    0x0800446a   0x0800446a   0x00000036   Code   RO         4712    i.ai_layers_post_init_all  NetworkRuntime710_CM4_Keil.lib(layers.o)
    0x080044a0   0x080044a0   0x00000018   Code   RO           10    i.ai_network_create  network.o
    0x080044b8   0x080044b8   0x00000084   Code   RO           11    i.ai_network_create_and_init  network.o
    0x0800453c   0x0800453c   0x00000028   Code   RO          366    i.ai_network_data_params_get  network_data.o
    0x08004564   0x08004564   0x00000004   Code   RO           14    i.ai_network_get_error  network.o
    0x08004568   0x08004568   0x00000030   Code   RO           17    i.ai_network_init   network.o
    0x08004598   0x08004598   0x00000014   Code   RO           18    i.ai_network_inputs_get  network.o
    0x080045ac   0x080045ac   0x00000014   Code   RO           19    i.ai_network_outputs_get  network.o
    0x080045c0   0x080045c0   0x00000004   Code   RO           20    i.ai_network_run    network.o
    0x080045c4   0x080045c4   0x0000002c   Code   RO         3920    i.ai_platform_bind_network_params  NetworkRuntime710_CM4_Keil.lib(ai_platform_interface.o)
    0x080045f0   0x080045f0   0x0000001c   Code   RO         3921    i.ai_platform_context_acquire  NetworkRuntime710_CM4_Keil.lib(ai_platform_interface.o)
    0x0800460c   0x0800460c   0x0000002c   Code   RO         3923    i.ai_platform_get_activations_map  NetworkRuntime710_CM4_Keil.lib(ai_platform_interface.o)
    0x08004638   0x08004638   0x00000028   Code   RO         3924    i.ai_platform_get_weights_map  NetworkRuntime710_CM4_Keil.lib(ai_platform_interface.o)
    0x08004660   0x08004660   0x0000003c   Code   RO         3925    i.ai_platform_inputs_get  NetworkRuntime710_CM4_Keil.lib(ai_platform_interface.o)
    0x0800469c   0x0800469c   0x00000014   Code   RO         3926    i.ai_platform_interface_api_get_version  NetworkRuntime710_CM4_Keil.lib(ai_platform_interface.o)
    0x080046b0   0x080046b0   0x0000010e   Code   RO         3927    i.ai_platform_network_create  NetworkRuntime710_CM4_Keil.lib(ai_platform_interface.o)
    0x080047be   0x080047be   0x00000002   PAD
    0x080047c0   0x080047c0   0x0000001c   Code   RO         3929    i.ai_platform_network_get_error  NetworkRuntime710_CM4_Keil.lib(ai_platform_interface.o)
    0x080047dc   0x080047dc   0x00000112   Code   RO         3930    i.ai_platform_network_init  NetworkRuntime710_CM4_Keil.lib(ai_platform_interface.o)
    0x080048ee   0x080048ee   0x00000046   Code   RO         3931    i.ai_platform_network_post_init  NetworkRuntime710_CM4_Keil.lib(ai_platform_interface.o)
    0x08004934   0x08004934   0x00000054   Code   RO         3932    i.ai_platform_network_process  NetworkRuntime710_CM4_Keil.lib(ai_platform_interface.o)
    0x08004988   0x08004988   0x0000000c   Code   RO         3933    i.ai_platform_network_set_error  NetworkRuntime710_CM4_Keil.lib(ai_platform_interface.o)
    0x08004994   0x08004994   0x00000044   Code   RO         3939    i.ai_platform_outputs_get  NetworkRuntime710_CM4_Keil.lib(ai_platform_interface.o)
    0x080049d8   0x080049d8   0x0000001a   Code   RO         4197    i.ai_shape_get_size  NetworkRuntime710_CM4_Keil.lib(layers_norm_generic_float.o)
    0x080049f2   0x080049f2   0x0000000c   Code   RO         4257    i.ai_version_get    NetworkRuntime710_CM4_Keil.lib(ai_datatypes_internal.o)
    0x080049fe   0x080049fe   0x00000002   PAD
    0x08004a00   0x08004a00   0x00000186   Code   RO         3996    i.arm_mat_gemm_f32  NetworkRuntime710_CM4_Keil.lib(layers_conv2d_generic_float.o)
    0x08004b86   0x08004b86   0x0000000c   Code   RO         4721    i.core_get_error    NetworkRuntime710_CM4_Keil.lib(core_common.o)
    0x08004b92   0x08004b92   0x00000004   Code   RO         4722    i.core_init         NetworkRuntime710_CM4_Keil.lib(core_common.o)
    0x08004b96   0x08004b96   0x00000010   Code   RO         3997    i.core_nl_get_params_byte_size  NetworkRuntime710_CM4_Keil.lib(layers_conv2d_generic_float.o)
    0x08004ba6   0x08004ba6   0x00000012   Code   RO         3998    i.core_nl_get_params_ptr  NetworkRuntime710_CM4_Keil.lib(layers_conv2d_generic_float.o)
    0x08004bb8   0x08004bb8   0x00000010   Code   RO         3999    i.core_nl_get_params_stride  NetworkRuntime710_CM4_Keil.lib(layers_conv2d_generic_float.o)
    0x08004bc8   0x08004bc8   0x0000001a   Code   RO         4723    i.core_set_error    NetworkRuntime710_CM4_Keil.lib(core_common.o)
    0x08004be2   0x08004be2   0x00000002   PAD
    0x08004be4   0x08004be4   0x0000001c   Code   RO          796    i.fgetc             usart.o
    0x08004c00   0x08004c00   0x0000012a   Code   RO         4198    i.forward_bn        NetworkRuntime710_CM4_Keil.lib(layers_norm_generic_float.o)
    0x08004d2a   0x08004d2a   0x00000002   PAD
    0x08004d2c   0x08004d2c   0x0000029a   Code   RO         4000    i.forward_conv2d    NetworkRuntime710_CM4_Keil.lib(layers_conv2d_generic_float.o)
    0x08004fc6   0x08004fc6   0x000001a0   Code   RO         4003    i.forward_gemm      NetworkRuntime710_CM4_Keil.lib(layers_conv2d_generic_float.o)
    0x08005166   0x08005166   0x00000002   PAD
    0x08005168   0x08005168   0x00000156   Code   RO         4218    i.forward_mp        NetworkRuntime710_CM4_Keil.lib(layers_pool_generic_float.o)
    0x080052be   0x080052be   0x00000002   PAD
    0x080052c0   0x080052c0   0x00000018   Code   RO          797    i.fputc             usart.o
    0x080052d8   0x080052d8   0x00000002   Code   RO         4005    i.func_dummy        NetworkRuntime710_CM4_Keil.lib(layers_conv2d_generic_float.o)
    0x080052da   0x080052da   0x00000044   Code   RO          417    i.getCurrentMicros  main.o
    0x0800531e   0x0800531e   0x00000002   PAD
    0x08005320   0x08005320   0x00000028   Code   RO         4258    i.get_tensor_byte_size  NetworkRuntime710_CM4_Keil.lib(ai_datatypes_internal.o)
    0x08005348   0x08005348   0x00000050   Code   RO         5282    i.internal_alloc    mc_w.l(mallocr.o)
    0x08005398   0x08005398   0x00000140   Code   RO          418    i.main              main.o
    0x080054d8   0x080054d8   0x00000060   Code   RO           21    i.network_configure_activations  network.o
    0x08005538   0x08005538   0x00000104   Code   RO           22    i.network_configure_weights  network.o
    0x0800563c   0x0800563c   0x00000044   Code   RO         4093    i.nl_func_relu_array_f32  NetworkRuntime710_CM4_Keil.lib(layers_nl_generic_float.o)
    0x08005680   0x08005680   0x0000003e   Code   RO         4222    i.pool_func_mp_kernel_array_f32  NetworkRuntime710_CM4_Keil.lib(layers_pool_generic_float.o)
    0x080056be   0x080056be   0x00000008   Code   RO         4740    i.st_dsp_arm_mat_init_f32  NetworkRuntime710_CM4_Keil.lib(arm_mat_init_f32.o)
    0x080056c6   0x080056c6   0x00000002   PAD
    0x080056c8   0x080056c8   0x00000008   Data   RO           31    .constdata          network.o
    0x080056d0   0x080056d0   0x00000008   Data   RO           32    .constdata          network.o
    0x080056d8   0x080056d8   0x00000008   Data   RO           33    .constdata          network.o
    0x080056e0   0x080056e0   0x00000008   Data   RO           34    .constdata          network.o
    0x080056e8   0x080056e8   0x00000008   Data   RO           35    .constdata          network.o
    0x080056f0   0x080056f0   0x00000008   Data   RO           36    .constdata          network.o
    0x080056f8   0x080056f8   0x00000008   Data   RO           37    .constdata          network.o
    0x08005700   0x08005700   0x00000730   Data   RO          369    .constdata          network_data.o
    0x08005e30   0x08005e30   0x00000074   Data   RO          370    .constdata          network_data.o
    0x08005ea4   0x08005ea4   0x00000004   Data   RO          687    .constdata          app_x-cube-ai.o
    0x08005ea8   0x08005ea8   0x00000040   Data   RO         3855    .constdata          system_stm32l4xx.o
    0x08005ee8   0x08005ee8   0x00000008   Data   RO         3856    .constdata          system_stm32l4xx.o
    0x08005ef0   0x08005ef0   0x0000006c   Data   RO         3942    .constdata          NetworkRuntime710_CM4_Keil.lib(ai_platform_interface.o)
    0x08005f5c   0x08005f5c   0x00000040   Data   RO         5438    .constdata          mc_w.l(ctype_c.o)
    0x08005f9c   0x08005f9c   0x00000020   Data   RO         5440    Region$$Table       anon$$obj.o


    Execution Region RW_IRAM2 (Exec base: 0x10000000, Load base: 0x08006328, Size: 0x00000000, Max: 0x00004000, ABSOLUTE)

    **** No section assigned to this execution region ****


    Execution Region RW_IRAM1 (Exec base: 0x20000000, Load base: 0x08005fbc, Size: 0x00003830, Max: 0x0000c000, ABSOLUTE, COMPRESSED[0x0000036c])

    Exec Addr    Load Addr    Size         Type   Attr      Idx    E Section Name        Object

    0x20000000   COMPRESSED   0x00000010   Data   RW           40    .data               network.o
    0x20000010   COMPRESSED   0x00000010   Data   RW           41    .data               network.o
    0x20000020   COMPRESSED   0x00000010   Data   RW           42    .data               network.o
    0x20000030   COMPRESSED   0x00000010   Data   RW           43    .data               network.o
    0x20000040   COMPRESSED   0x00000010   Data   RW           44    .data               network.o
    0x20000050   COMPRESSED   0x00000010   Data   RW           45    .data               network.o
    0x20000060   COMPRESSED   0x00000010   Data   RW           46    .data               network.o
    0x20000070   COMPRESSED   0x00000010   Data   RW           47    .data               network.o
    0x20000080   COMPRESSED   0x00000010   Data   RW           48    .data               network.o
    0x20000090   COMPRESSED   0x00000010   Data   RW           49    .data               network.o
    0x200000a0   COMPRESSED   0x00000010   Data   RW           50    .data               network.o
    0x200000b0   COMPRESSED   0x00000010   Data   RW           51    .data               network.o
    0x200000c0   COMPRESSED   0x00000010   Data   RW           52    .data               network.o
    0x200000d0   COMPRESSED   0x00000010   Data   RW           53    .data               network.o
    0x200000e0   COMPRESSED   0x00000010   Data   RW           54    .data               network.o
    0x200000f0   COMPRESSED   0x00000010   Data   RW           55    .data               network.o
    0x20000100   COMPRESSED   0x00000010   Data   RW           56    .data               network.o
    0x20000110   COMPRESSED   0x00000010   Data   RW           57    .data               network.o
    0x20000120   COMPRESSED   0x00000010   Data   RW           58    .data               network.o
    0x20000130   COMPRESSED   0x00000010   Data   RW           59    .data               network.o
    0x20000140   COMPRESSED   0x00000010   Data   RW           60    .data               network.o
    0x20000150   COMPRESSED   0x00000010   Data   RW           61    .data               network.o
    0x20000160   COMPRESSED   0x00000010   Data   RW           62    .data               network.o
    0x20000170   COMPRESSED   0x00000010   Data   RW           63    .data               network.o
    0x20000180   COMPRESSED   0x00000010   Data   RW           64    .data               network.o
    0x20000190   COMPRESSED   0x00000010   Data   RW           65    .data               network.o
    0x200001a0   COMPRESSED   0x00000010   Data   RW           66    .data               network.o
    0x200001b0   COMPRESSED   0x00000010   Data   RW           67    .data               network.o
    0x200001c0   COMPRESSED   0x00000010   Data   RW           68    .data               network.o
    0x200001d0   COMPRESSED   0x00000010   Data   RW           69    .data               network.o
    0x200001e0   COMPRESSED   0x00000010   Data   RW           70    .data               network.o
    0x200001f0   COMPRESSED   0x00000010   Data   RW           71    .data               network.o
    0x20000200   COMPRESSED   0x00000010   Data   RW           72    .data               network.o
    0x20000210   COMPRESSED   0x00000010   Data   RW           73    .data               network.o
    0x20000220   COMPRESSED   0x00000010   Data   RW           74    .data               network.o
    0x20000230   COMPRESSED   0x00000010   Data   RW           75    .data               network.o
    0x20000240   COMPRESSED   0x00000010   Data   RW           76    .data               network.o
    0x20000250   COMPRESSED   0x00000010   Data   RW           77    .data               network.o
    0x20000260   COMPRESSED   0x00000010   Data   RW           78    .data               network.o
    0x20000270   COMPRESSED   0x00000010   Data   RW           79    .data               network.o
    0x20000280   COMPRESSED   0x00000010   Data   RW           80    .data               network.o
    0x20000290   COMPRESSED   0x00000010   Data   RW           81    .data               network.o
    0x200002a0   COMPRESSED   0x0000000c   Data   RW           82    .data               network.o
    0x200002ac   COMPRESSED   0x00000004   Data   RW           83    .data               network.o
    0x200002b0   COMPRESSED   0x00000004   Data   RW           84    .data               network.o
    0x200002b4   COMPRESSED   0x00000004   Data   RW           85    .data               network.o
    0x200002b8   COMPRESSED   0x00000030   Data   RW           86    .data               network.o
    0x200002e8   COMPRESSED   0x00000004   Data   RW           87    .data               network.o
    0x200002ec   COMPRESSED   0x00000004   Data   RW           88    .data               network.o
    0x200002f0   COMPRESSED   0x00000008   Data   RW           89    .data               network.o
    0x200002f8   COMPRESSED   0x00000004   Data   RW           90    .data               network.o
    0x200002fc   COMPRESSED   0x00000030   Data   RW           91    .data               network.o
    0x2000032c   COMPRESSED   0x00000004   Data   RW           92    .data               network.o
    0x20000330   COMPRESSED   0x00000004   Data   RW           93    .data               network.o
    0x20000334   COMPRESSED   0x0000000c   Data   RW           94    .data               network.o
    0x20000340   COMPRESSED   0x00000004   Data   RW           95    .data               network.o
    0x20000344   COMPRESSED   0x00000030   Data   RW           96    .data               network.o
    0x20000374   COMPRESSED   0x00000004   Data   RW           97    .data               network.o
    0x20000378   COMPRESSED   0x00000004   Data   RW           98    .data               network.o
    0x2000037c   COMPRESSED   0x0000000c   Data   RW           99    .data               network.o
    0x20000388   COMPRESSED   0x00000004   Data   RW          100    .data               network.o
    0x2000038c   COMPRESSED   0x00000030   Data   RW          101    .data               network.o
    0x200003bc   COMPRESSED   0x00000004   Data   RW          102    .data               network.o
    0x200003c0   COMPRESSED   0x00000004   Data   RW          103    .data               network.o
    0x200003c4   COMPRESSED   0x0000000c   Data   RW          104    .data               network.o
    0x200003d0   COMPRESSED   0x00000004   Data   RW          105    .data               network.o
    0x200003d4   COMPRESSED   0x00000030   Data   RW          106    .data               network.o
    0x20000404   COMPRESSED   0x00000004   Data   RW          107    .data               network.o
    0x20000408   COMPRESSED   0x00000004   Data   RW          108    .data               network.o
    0x2000040c   COMPRESSED   0x00000008   Data   RW          109    .data               network.o
    0x20000414   COMPRESSED   0x00000004   Data   RW          110    .data               network.o
    0x20000418   COMPRESSED   0x00000030   Data   RW          111    .data               network.o
    0x20000448   COMPRESSED   0x00000004   Data   RW          112    .data               network.o
    0x2000044c   COMPRESSED   0x00000004   Data   RW          113    .data               network.o
    0x20000450   COMPRESSED   0x00000004   Data   RW          114    .data               network.o
    0x20000454   COMPRESSED   0x00000004   Data   RW          115    .data               network.o
    0x20000458   COMPRESSED   0x00000030   Data   RW          116    .data               network.o
    0x20000488   COMPRESSED   0x00000010   Data   RW          117    .data               network.o
    0x20000498   COMPRESSED   0x0000001c   Data   RW          118    .data               network.o
    0x200004b4   COMPRESSED   0x00000010   Data   RW          119    .data               network.o
    0x200004c4   COMPRESSED   0x0000001c   Data   RW          120    .data               network.o
    0x200004e0   COMPRESSED   0x00000004   Data   RW          121    .data               network.o
    0x200004e4   COMPRESSED   0x00000008   Data   RW          122    .data               network.o
    0x200004ec   COMPRESSED   0x0000000c   Data   RW          123    .data               network.o
    0x200004f8   COMPRESSED   0x00000004   Data   RW          124    .data               network.o
    0x200004fc   COMPRESSED   0x00000008   Data   RW          125    .data               network.o
    0x20000504   COMPRESSED   0x0000000c   Data   RW          126    .data               network.o
    0x20000510   COMPRESSED   0x00000018   Data   RW          127    .data               network.o
    0x20000528   COMPRESSED   0x00000010   Data   RW          128    .data               network.o
    0x20000538   COMPRESSED   0x00000168   Data   RW          129    .data               network.o
    0x200006a0   COMPRESSED   0x00000010   Data   RW          130    .data               network.o
    0x200006b0   COMPRESSED   0x0000001c   Data   RW          131    .data               network.o
    0x200006cc   COMPRESSED   0x0000001c   Data   RW          132    .data               network.o
    0x200006e8   COMPRESSED   0x0000001c   Data   RW          133    .data               network.o
    0x20000704   COMPRESSED   0x0000001c   Data   RW          134    .data               network.o
    0x20000720   COMPRESSED   0x0000001c   Data   RW          135    .data               network.o
    0x2000073c   COMPRESSED   0x0000001c   Data   RW          136    .data               network.o
    0x20000758   COMPRESSED   0x0000001c   Data   RW          137    .data               network.o
    0x20000774   COMPRESSED   0x0000001c   Data   RW          138    .data               network.o
    0x20000790   COMPRESSED   0x0000001c   Data   RW          139    .data               network.o
    0x200007ac   COMPRESSED   0x0000001c   Data   RW          140    .data               network.o
    0x200007c8   COMPRESSED   0x0000001c   Data   RW          141    .data               network.o
    0x200007e4   COMPRESSED   0x0000001c   Data   RW          142    .data               network.o
    0x20000800   COMPRESSED   0x0000001c   Data   RW          143    .data               network.o
    0x2000081c   COMPRESSED   0x0000001c   Data   RW          144    .data               network.o
    0x20000838   COMPRESSED   0x0000001c   Data   RW          145    .data               network.o
    0x20000854   COMPRESSED   0x0000001c   Data   RW          146    .data               network.o
    0x20000870   COMPRESSED   0x0000001c   Data   RW          147    .data               network.o
    0x2000088c   COMPRESSED   0x0000001c   Data   RW          148    .data               network.o
    0x200008a8   COMPRESSED   0x0000001c   Data   RW          149    .data               network.o
    0x200008c4   COMPRESSED   0x0000001c   Data   RW          150    .data               network.o
    0x200008e0   COMPRESSED   0x0000001c   Data   RW          151    .data               network.o
    0x200008fc   COMPRESSED   0x00000028   Data   RW          152    .data               network.o
    0x20000924   COMPRESSED   0x0000001c   Data   RW          153    .data               network.o
    0x20000940   COMPRESSED   0x00000040   Data   RW          154    .data               network.o
    0x20000980   COMPRESSED   0x00000040   Data   RW          155    .data               network.o
    0x200009c0   COMPRESSED   0x00000040   Data   RW          156    .data               network.o
    0x20000a00   COMPRESSED   0x0000001c   Data   RW          157    .data               network.o
    0x20000a1c   COMPRESSED   0x00000038   Data   RW          158    .data               network.o
    0x20000a54   COMPRESSED   0x00000010   Data   RW          371    .data               network_data.o
    0x20000a64   COMPRESSED   0x00000010   Data   RW          372    .data               network_data.o
    0x20000a74   COMPRESSED   0x0000001c   Data   RW          373    .data               network_data.o
    0x20000a90   COMPRESSED   0x0000001c   Data   RW          374    .data               network_data.o
    0x20000aac   COMPRESSED   0x00000008   Data   RW          420    .data               main.o
    0x20000ab4   COMPRESSED   0x00000014   Data   RW          691    .data               app_x-cube-ai.o
    0x20000ac8   COMPRESSED   0x0000000c   Data   RW         1223    .data               stm32l4xx_hal.o
    0x20000ad4   COMPRESSED   0x00000004   Data   RW         3857    .data               system_stm32l4xx.o
    0x20000ad8   COMPRESSED   0x00000004   Data   RW         5380    .data               mc_w.l(stdin.o)
    0x20000adc   COMPRESSED   0x00000004   Data   RW         5381    .data               mc_w.l(stdout.o)
    0x20000ae0   COMPRESSED   0x00000004   Data   RW         5390    .data               mc_w.l(mvars.o)
    0x20000ae4   COMPRESSED   0x00000004   Data   RW         5391    .data               mc_w.l(mvars.o)
    0x20000ae8   COMPRESSED   0x00000003   Data   RW         5425    .data               mc_w.l(fgetc_b.o)
    0x20000aeb   COMPRESSED   0x00000001   PAD
    0x20000aec        -       0x00000010   Zero   RW           23    .bss                network.o
    0x20000afc        -       0x00000010   Zero   RW           24    .bss                network.o
    0x20000b0c        -       0x00000010   Zero   RW           25    .bss                network.o
    0x20000b1c        -       0x00000010   Zero   RW           26    .bss                network.o
    0x20000b2c        -       0x0000001c   Zero   RW           27    .bss                network.o
    0x20000b48        -       0x00000010   Zero   RW           28    .bss                network.o
    0x20000b58        -       0x0000001c   Zero   RW           29    .bss                network.o
    0x20000b74        -       0x00000010   Zero   RW           30    .bss                network.o
    0x20000b84        -       0x00001388   Zero   RW          419    .bss                main.o
    0x20001f0c        -       0x00000024   Zero   RW          638    .bss                crc.o
    0x20001f30   COMPRESSED   0x00000010   PAD
    0x20001f40        -       0x0000086c   Zero   RW          686    .bss                app_x-cube-ai.o
    0x200027ac        -       0x00000084   Zero   RW          798    .bss                usart.o
    0x20002830        -       0x00000800   Zero   RW            2    HEAP                startup_stm32l432xx.o
    0x20003030        -       0x00000800   Zero   RW            1    STACK               startup_stm32l432xx.o


==============================================================================

Image component sizes


      Code (inc. data)   RO Data    RW Data    ZI Data      Debug   Object Name

       112         14          4         20       2156       4200   app_x-cube-ai.o
        88         18          0          0         36       1503   crc.o
       108          8          0          0          0        899   gpio.o
       532         54          0          8       5000     638226   main.o
       608         28         56       2644        152      57018   network.o
        40          4       1956         88          0      15463   network_data.o
        36          8        396          0       4096        836   startup_stm32l432xx.o
       162         24          0         12          0      11581   stm32l4xx_hal.o
       172         14          0          0          0      33150   stm32l4xx_hal_cortex.o
       116          4          0          0          0       1159   stm32l4xx_hal_crc.o
        78          0          0          0          0       1267   stm32l4xx_hal_crc_ex.o
       524         20          0          0          0       2268   stm32l4xx_hal_gpio.o
        44          6          0          0          0        826   stm32l4xx_hal_msp.o
       120         20          0          0          0       1370   stm32l4xx_hal_pwr_ex.o
      2060         98          0          0          0       6988   stm32l4xx_hal_rcc.o
       950         32          0          0          0       2896   stm32l4xx_hal_rcc_ex.o
      1504         48          0          0          0       7864   stm32l4xx_hal_uart.o
        22          0          0          0          0       4548   stm32l4xx_it.o
       104         12          0          0          0      41302   stm32l4xx_ll_tim.o
        16          4         72          4          0       1165   system_stm32l4xx.o
       156         18          0          0          0      69142   tim.o
       232         28          0          0        132       3982   usart.o

    ----------------------------------------------------------------------
      7800        462       2516       2776      11588     907653   Object Totals
         0          0         32          0          0          0   (incl. Generated)
        16          0          0          0         16          0   (incl. Padding)

    ----------------------------------------------------------------------

      Code (inc. data)   RO Data    RW Data    ZI Data      Debug   Library Member Name

       380         54          0          0          0        360   ai_datatypes_format.o
        52          6          0          0          0        232   ai_datatypes_internal.o
       158          8          0          0          0        368   ai_platform.o
      2442        110        108          0          0       3244   ai_platform_interface.o
         8          0          0          0          0        116   arm_mat_init_f32.o
        42          0          0          0          0        348   core_common.o
       224          6          0          0          0        624   layers.o
      3326         28          0          0          0       1660   layers_conv2d_generic_float.o
        68          6          0          0          0        128   layers_nl_generic_float.o
       324          0          0          0          0        252   layers_norm_generic_float.o
       404          0          0          0          0        272   layers_pool_generic_float.o
        32          6          0          0          0         84   __0scanf.o
        86          0          0          0          0          0   __dczerorl2.o
        28          0          0          0          0         68   _chval.o
       822          6          0          0          0        112   _scanf.o
       338          0          0          0          0         96   _scanf_int.o
        40          6         64          0          0         68   ctype_c.o
         0          0          0          0          0          0   entry.o
         0          0          0          0          0          0   entry10a.o
         0          0          0          0          0          0   entry11a.o
         4          0          0          0          0          0   entry12b.o
         8          4          0          0          0          0   entry2.o
         4          0          0          0          0          0   entry5.o
         0          0          0          0          0          0   entry7b.o
         0          0          0          0          0          0   entry8b.o
         8          4          0          0          0          0   entry9a.o
        44          6          0          3          0        144   fgetc_b.o
        30          0          0          0          0          0   handlers.o
        36          8          0          0          0         68   init.o
        10          0          0          0          0         68   isspace_c.o
         0          0          0          0          0          0   iusefp.o
         0          0          0          0          0          0   iusesemig.o
        30          0          0          0          0         68   llshl.o
        36          0          0          0          0         68   llsshr.o
        32          0          0          0          0         68   llushr.o
       252         24          0          0          0        252   mallocr.o
        26          0          0          0          0         80   memcmp.o
        36          0          0          0          0         68   memcpya.o
        36          0          0          0          0        108   memseta.o
         0          0          0          8          0          0   mvars.o
      2230         90          0          0          0        464   printfa.o
        40          8          0          0          0         84   scanf_char.o
        20          8          0          0          0         68   scanf_char_file.o
       884         12          0          0          0        216   scanf_fp.o
         0          0          0          0          0          0   semi.o
         0          0          0          4          0          0   stdin.o
         0          0          0          4          0          0   stdout.o
        44          0          0          0          0         80   uidiv.o
       104          0          0          0          0         92   uldiv.o
        48          0          0          0          0         68   cdrcmple.o
        56          0          0          0          0         88   d2f.o
       350          0          0          0          0        148   dadd.o
       222          0          0          0          0        100   ddiv.o
       186          0          0          0          0        176   depilogue.o
        48          0          0          0          0         68   dfixul.o
        26          0          0          0          0         76   dfltui.o
        24          0          0          0          0         76   dfltul.o
       234          0          0          0          0         96   dmul.o
       110          0          0          0          0        168   fepilogue.o

    ----------------------------------------------------------------------
     14020        400        172         20          0      11092   Library Totals
        28          0          0          1          0          0   (incl. Padding)

    ----------------------------------------------------------------------

      Code (inc. data)   RO Data    RW Data    ZI Data      Debug   Library Name

      7428        218        108          0          0       7604   NetworkRuntime710_CM4_Keil.lib
      5260        182         64         19          0       2424   mc_w.l
      1304          0          0          0          0       1064   mf_w.l

    ----------------------------------------------------------------------
     14020        400        172         20          0      11092   Library Totals

    ----------------------------------------------------------------------

==============================================================================


      Code (inc. data)   RO Data    RW Data    ZI Data      Debug   

     21820        862       2688       2796      11588     905557   Grand Totals
     21820        862       2688        876      11588     905557   ELF Image Totals (compressed)
     21820        862       2688        876          0          0   ROM Totals

==============================================================================

    Total RO  Size (Code + RO Data)                24508 (  23.93kB)
    Total RW  Size (RW Data + ZI Data)             14384 (  14.05kB)
    Total ROM Size (Code + RO Data + RW Data)      25384 (  24.79kB)

==============================================================================

