<html>
<body>
<pre>
<h1>µVision Build Log</h1>
<h2>Tool Versions:</h2>
IDE-Version: µVision V5.36.0.0
Copyright (C) 2021 ARM Ltd and ARM Germany GmbH. All rights reserved.
License Information: yahya alhinai, UMN, LIC=MGXHJ-DWJY8-Y6BGT-94P4B-0CQLW-6EJ2Z
 
Tool Versions:
Toolchain:       MDK-ARM Professional  Version: 5.36.0.0
Toolchain Path:  C:\Keil_v5\ARM\ARMCC\Bin
C Compiler:      Armcc.exe V5.06 update 7 (build 960)
Assembler:       Armasm.exe V5.06 update 7 (build 960)
Linker/Locator:  ArmLink.exe V5.06 update 7 (build 960)
Library Manager: ArmAr.exe V5.06 update 7 (build 960)
Hex Converter:   FromElf.exe V5.06 update 7 (build 960)
CPU DLL:         SARMCM3.DLL V5.36.0.0
Dialog DLL:      DCM.DLL V1.17.3.0
Target DLL:      STLink\ST-LINKIII-KEIL_SWO.dll V3.0.9.0
Dialog DLL:      TCM.DLL V1.53.0.0
 
<h2>Project:</h2>
C:\Users\alhinai\Desktop\Final_C_code\MDK-ARM\Final_C_code.uvprojx
Project File Date:  09/30/2022

<h2>Output:</h2>
*** Using Compiler 'V5.06 update 7 (build 960)', folder: 'C:\Keil_v5\ARM\ARMCC\Bin'
Build target 'Final_C_code'
compiling network_data.c...
assembling startup_stm32l432xx.s...
compiling network.c...
compiling stm32l4xx_hal_crc.c...
compiling stm32l4xx_ll_exti.c...
compiling stm32l4xx_hal.c...
compiling stm32l4xx_hal_crc_ex.c...
compiling stm32l4xx_hal_i2c_ex.c...
compiling stm32l4xx_hal_i2c.c...
compiling stm32l4xx_ll_utils.c...
compiling stm32l4xx_hal_flash_ramfunc.c...
compiling stm32l4xx_hal_rcc.c...
compiling stm32l4xx_hal_flash_ex.c...
compiling stm32l4xx_hal_msp.c...
compiling stm32l4xx_hal_rcc_ex.c...
compiling stm32l4xx_hal_flash.c...
compiling stm32l4xx_hal_gpio.c...
compiling crc.c...
compiling tim.c...
compiling gpio.c...
compiling usart.c...
compiling stm32l4xx_it.c...
compiling app_x-cube-ai.c...
../Src/app_x-cube-ai.c(254): warning:  #177-D: variable "activations"  was declared but never referenced
      static ai_u8 activations[AI_NETWORK_DATA_ACTIVATIONS_SIZE];
../Src/app_x-cube-ai.c(103): warning:  #177-D: variable "in_data"  was declared but never referenced
  static ai_float in_data[AI_NETWORK_IN_1_SIZE];
../Src/app_x-cube-ai.c(108): warning:  #177-D: variable "out_data"  was declared but never referenced
  static ai_float out_data[AI_NETWORK_OUT_1_SIZE];
../Src/app_x-cube-ai.c(128): warning:  #177-D: function "ai_boostrap"  was declared but never referenced
  static int ai_boostrap(ai_handle *act_addr)
../Src/app_x-cube-ai.c(171): warning:  #177-D: function "ai_run"  was declared but never referenced
  static int ai_run(void)
../Src/app_x-cube-ai.c: 5 warnings, 0 errors
compiling main.c...
../Src/main.c(125): warning:  #223-D: function "printf" declared implicitly
      printf("begin");
../Src/main.c(133): warning:  #223-D: function "scanf" declared implicitly
            scanf("%f",&input_tmp);
../Src/main.c(148): warning:  #223-D: function "scanf" declared implicitly
      scanf("%d",&status);
../Src/main.c(89): warning:  #177-D: variable "vector"  was declared but never referenced
    double vector[2] = {0};
../Src/main.c: 4 warnings, 0 errors
compiling stm32l4xx_hal_dma.c...
compiling stm32l4xx_hal_dma_ex.c...
compiling stm32l4xx_hal_pwr.c...
compiling stm32l4xx_hal_tim_ex.c...
compiling stm32l4xx_hal_exti.c...
compiling stm32l4xx_hal_tim.c...
compiling stm32l4xx_hal_cortex.c...
compiling system_stm32l4xx.c...
compiling stm32l4xx_hal_uart_ex.c...
compiling stm32l4xx_hal_pwr_ex.c...
compiling stm32l4xx_ll_dma.c...
compiling stm32l4xx_ll_gpio.c...
compiling stm32l4xx_ll_tim.c...
compiling stm32l4xx_hal_uart.c...
linking...
Program Size: Code=21820 RO-data=2688 RW-data=2796 ZI-data=11588  
FromELF: creating hex file...
Final_C_code\Final_C_code.hex: Warning: Q9931W: Your license for feature Keil will expire in 8 days
Finished: 0 information, 1 warning and 0 error messages.
"Final_C_code\Final_C_code.axf" - 0 Error(s), 9 Warning(s).

<h2>Software Packages used:</h2>

Package Vendor: ARM
                http://www.keil.com/pack/ARM.CMSIS.5.8.0.pack
                ARM.CMSIS.5.8.0
                CMSIS (Common Microcontroller Software Interface Standard)
   * Component: CORE Version: 5.5.0

Package Vendor: Keil
                http://www.keil.com/pack/Keil.STM32L4xx_DFP.2.6.1.pack
                Keil.STM32L4xx_DFP.2.6.1
                STMicroelectronics STM32L4 Series Device Support, Drivers and Examples

<h2>Collection of Component include folders:</h2>
  .\RTE\_Final_C_code
  C:\Keil_v5\Arm\Packs\ARM\CMSIS\5.8.0\CMSIS\Core\Include
  C:\Keil_v5\Arm\Packs\Keil\STM32L4xx_DFP\2.6.1\Drivers\CMSIS\Device\ST\STM32L4xx\Include

<h2>Collection of Component Files used:</h2>

   * Component: ARM::CMSIS:CORE:5.5.0
Build Time Elapsed:  00:00:15
</pre>
</body>
</html>
